Archive member included to satisfy reference by file (symbol)

ym/microbit/source/microbit.a(MicroBit.cpp.obj)
                              source/CMakeFiles/microbit-samples.dir/home/maxime.dubois.1/Documents/IOT/IotProject/micro2/source/main.cpp.obj (MicroBit::MicroBit())
ym/microbit-dal/source/microbit-dal.a(MicroBitDevice.cpp.obj)
                              ym/microbit/source/microbit.a(MicroBit.cpp.obj) (microbit_serial_number())
ym/microbit-dal/source/microbit-dal.a(MicroBitFiber.cpp.obj)
                              ym/microbit/source/microbit.a(MicroBit.cpp.obj) (scheduler_init(EventModel&))
ym/microbit-dal/source/microbit-dal.a(MicroBitFont.cpp.obj)
                              ym/microbit-dal/source/microbit-dal.a(MicroBitDevice.cpp.obj) (MicroBitFont::defaultFont)
ym/microbit-dal/source/microbit-dal.a(MicroBitHeapAllocator.cpp.obj)
                              ym/microbit/source/microbit.a(MicroBit.cpp.obj) (microbit_create_heap(unsigned long, unsigned long))
ym/microbit-dal/source/microbit-dal.a(MicroBitListener.cpp.obj)
                              source/CMakeFiles/microbit-samples.dir/home/maxime.dubois.1/Documents/IOT/IotProject/micro2/source/main.cpp.obj (MicroBitListener::MicroBitListener(unsigned short, unsigned short, void (*)(MicroBitEvent), unsigned short))
ym/microbit-dal/source/microbit-dal.a(MicroBitSystemTimer.cpp.obj)
                              source/CMakeFiles/microbit-samples.dir/home/maxime.dubois.1/Documents/IOT/IotProject/micro2/source/main.cpp.obj (system_timer_current_time())
ym/microbit-dal/source/microbit-dal.a(ManagedString.cpp.obj)
                              source/CMakeFiles/microbit-samples.dir/home/maxime.dubois.1/Documents/IOT/IotProject/micro2/source/ssd1306.cpp.obj (ManagedString::~ManagedString())
ym/microbit-dal/source/microbit-dal.a(MicroBitEvent.cpp.obj)
                              ym/microbit/source/microbit.a(MicroBit.cpp.obj) (MicroBitEvent::MicroBitEvent())
ym/microbit-dal/source/microbit-dal.a(MicroBitImage.cpp.obj)
                              ym/microbit/source/microbit.a(MicroBit.cpp.obj) (MicroBitImage::setPixelValue(short, short, unsigned char))
ym/microbit-dal/source/microbit-dal.a(PacketBuffer.cpp.obj)
                              source/CMakeFiles/microbit-samples.dir/home/maxime.dubois.1/Documents/IOT/IotProject/micro2/source/main.cpp.obj (PacketBuffer::~PacketBuffer())
ym/microbit-dal/source/microbit-dal.a(RefCounted.cpp.obj)
                              ym/microbit-dal/source/microbit-dal.a(ManagedString.cpp.obj) (RefCounted::init())
ym/microbit-dal/source/microbit-dal.a(MicroBitAccelerometer.cpp.obj)
                              ym/microbit/source/microbit.a(MicroBit.cpp.obj) (MicroBitAccelerometer::autoDetect(MicroBitI2C&))
ym/microbit-dal/source/microbit-dal.a(MicroBitButton.cpp.obj)
                              source/CMakeFiles/microbit-samples.dir/home/maxime.dubois.1/Documents/IOT/IotProject/micro2/source/main.cpp.obj (MicroBitButton::~MicroBitButton())
ym/microbit-dal/source/microbit-dal.a(MicroBitCompass.cpp.obj)
                              ym/microbit/source/microbit.a(MicroBit.cpp.obj) (MicroBitCompass::autoDetect(MicroBitI2C&))
ym/microbit-dal/source/microbit-dal.a(MicroBitCompassCalibrator.cpp.obj)
                              ym/microbit/source/microbit.a(MicroBit.cpp.obj) (MicroBitCompassCalibrator::MicroBitCompassCalibrator(MicroBitCompass&, MicroBitAccelerometer&, MicroBitDisplay&, MicroBitStorage&))
ym/microbit-dal/source/microbit-dal.a(MicroBitDisplay.cpp.obj)
                              source/CMakeFiles/microbit-samples.dir/home/maxime.dubois.1/Documents/IOT/IotProject/micro2/source/main.cpp.obj (MicroBitDisplay::~MicroBitDisplay())
ym/microbit-dal/source/microbit-dal.a(MicroBitI2C.cpp.obj)
                              source/CMakeFiles/microbit-samples.dir/home/maxime.dubois.1/Documents/IOT/IotProject/micro2/source/main.cpp.obj (MicroBitI2C::MicroBitI2C(PinName, PinName))
ym/microbit-dal/source/microbit-dal.a(MicroBitIO.cpp.obj)
                              ym/microbit/source/microbit.a(MicroBit.cpp.obj) (MicroBitIO::MicroBitIO(int, int, int, int, int, int, int, int, int, int, int, int, int, int, int, int, int, int, int))
ym/microbit-dal/source/microbit-dal.a(MicroBitLightSensor.cpp.obj)
                              ym/microbit-dal/source/microbit-dal.a(MicroBitDisplay.cpp.obj) (MicroBitLightSensor::read())
ym/microbit-dal/source/microbit-dal.a(MicroBitMessageBus.cpp.obj)
                              source/CMakeFiles/microbit-samples.dir/home/maxime.dubois.1/Documents/IOT/IotProject/micro2/source/main.cpp.obj (MicroBitMessageBus::add(MicroBitListener*))
ym/microbit-dal/source/microbit-dal.a(MicroBitMultiButton.cpp.obj)
                              ym/microbit/source/microbit.a(MicroBit.cpp.obj) (MicroBitMultiButton::MicroBitMultiButton(unsigned short, unsigned short, unsigned short))
ym/microbit-dal/source/microbit-dal.a(MicroBitPin.cpp.obj)
[...]
Memory Configuration

Name             Origin             Length             Attributes
FLASH            0x0000000000018000 0x0000000000028000 xr
RAM              0x0000000020002000 0x0000000000002000 xrw
*default*        0x0000000000000000 0xffffffffffffffff

Linker script and memory map

LOAD /usr/lib/gcc/arm-none-eabi/10.3.1/thumb/v6-m/nofp/crti.o
LOAD /usr/lib/gcc/arm-none-eabi/10.3.1/thumb/v6-m/nofp/crtbegin.o
LOAD /usr/lib/gcc/arm-none-eabi/10.3.1/../../../arm-none-eabi/lib/thumb/v6-m/nofp/crt0.o
START GROUP
LOAD source/CMakeFiles/microbit-samples.dir/home/maxime.dubois.1/Documents/IOT/IotProject/micro2/source/ssd1306.cpp.obj
LOAD source/CMakeFiles/microbit-samples.dir/home/maxime.dubois.1/Documents/IOT/IotProject/micro2/source/bme280.cpp.obj
LOAD source/CMakeFiles/microbit-samples.dir/home/maxime.dubois.1/Documents/IOT/IotProject/micro2/source/tsl256x.cpp.obj
LOAD source/CMakeFiles/microbit-samples.dir/home/maxime.dubois.1/Documents/IOT/IotProject/micro2/source/main.cpp.obj
LOAD ym/microbit/source/microbit.a
LOAD ym/microbit-dal/source/microbit-dal.a
LOAD ym/ble/source/ble.a
LOAD ym/ble-nrf51822/source/ble-nrf51822.a
LOAD ym/ble/source/ble.a
LOAD ym/ble-nrf51822/source/ble-nrf51822.a
LOAD ym/nrf51-sdk/source/nrf51-sdk.a
LOAD ym/mbed-classic/existing/mbed-classic.a
LOAD /usr/lib/gcc/arm-none-eabi/10.3.1/../../../arm-none-eabi/lib/thumb/v6-m/nofp/libnosys.a
LOAD /usr/lib/gcc/arm-none-eabi/10.3.1/../../../arm-none-eabi/lib/thumb/v6-m/nofp/libstdc++_nano.a
LOAD /usr/lib/gcc/arm-none-eabi/10.3.1/../../../arm-none-eabi/lib/thumb/v6-m/nofp/libsupc++_nano.a
LOAD /usr/lib/gcc/arm-none-eabi/10.3.1/thumb/v6-m/nofp/libgcc.a
LOAD /usr/lib/gcc/arm-none-eabi/10.3.1/../../../arm-none-eabi/lib/thumb/v6-m/nofp/libstdc++_nano.a
LOAD /usr/lib/gcc/arm-none-eabi/10.3.1/../../../arm-none-eabi/lib/thumb/v6-m/nofp/libsupc++_nano.a
LOAD /usr/lib/gcc/arm-none-eabi/10.3.1/../../../arm-none-eabi/lib/thumb/v6-m/nofp/libm.a
LOAD /usr/lib/gcc/arm-none-eabi/10.3.1/../../../arm-none-eabi/lib/thumb/v6-m/nofp/libc_nano.a
LOAD /usr/lib/gcc/arm-none-eabi/10.3.1/thumb/v6-m/nofp/libgcc.a
END GROUP
LOAD /usr/lib/gcc/arm-none-eabi/10.3.1/../../../arm-none-eabi/lib/thumb/v6-m/nofp/libstdc++_nano.a
LOAD /usr/lib/gcc/arm-none-eabi/10.3.1/../../../arm-none-eabi/lib/thumb/v6-m/nofp/libm.a
LOAD /usr/lib/gcc/arm-none-eabi/10.3.1/../../../arm-none-eabi/lib/thumb/v6-m/nofp/libc_nano.a
START GROUP
LOAD /usr/lib/gcc/arm-none-eabi/10.3.1/thumb/v6-m/nofp/libgcc.a
LOAD /usr/lib/gcc/arm-none-eabi/10.3.1/../../../arm-none-eabi/lib/thumb/v6-m/nofp/libc_nano.a
END GROUP
START GROUP
LOAD /usr/lib/gcc/arm-none-eabi/10.3.1/thumb/v6-m/nofp/libgcc.a
LOAD /usr/lib/gcc/arm-none-eabi/10.3.1/../../../arm-none-eabi/lib/thumb/v6-m/nofp/libc_nano.a
END GROUP
LOAD /usr/lib/gcc/arm-none-eabi/10.3.1/thumb/v6-m/nofp/crtend.o
LOAD /usr/lib/gcc/arm-none-eabi/10.3.1/thumb/v6-m/nofp/crtn.o

.text           0x0000000000018000    0x10ed4
 *(SORT_BY_ALIGNMENT(.Vectors))
 .Vectors       0x0000000000018000       0xc0 ym/mbed-classic/existing/mbed-classic.a(startup_NRF51822.S.obj)
                0x0000000000018000                __Vectors
 *(SORT_BY_ALIGNMENT(.text*))
 .text          0x00000000000180c0       0x98 /usr/lib/gcc/arm-none-eabi/10.3.1/thumb/v6-m/nofp/crtbegin.o
 .text          0x0000000000018158       0x74 /usr/lib/gcc/arm-none-eabi/10.3.1/../../../arm-none-eabi/lib/thumb/v6-m/nofp/crt0.o
                0x0000000000018158                _stack_init
                0x0000000000018164                _mainCRTStartup
                0x0000000000018164                _start
 .text._ZN7ssd130612send_commandEhPhh
                0x00000000000181cc       0x7c source/CMakeFiles/microbit-samples.dir/home/maxime.dubois.1/Documents/IOT/IotProject/micro2/source/ssd1306.cpp.obj
                0x00000000000181cc                ssd1306::send_command(unsigned char, unsigned char*, unsigned char)
 .text._ZN7ssd130612set_contrastEh
                0x0000000000018248       0x18 source/CMakeFiles/microbit-samples.dir/home/maxime.dubois.1/Documents/IOT/IotProject/micro2/source/ssd1306.cpp.obj
                0x0000000000018248                ssd1306::set_contrast(unsigned char)
 .text._ZN7ssd130618set_read_directionEv
                0x0000000000018260       0x24 source/CMakeFiles/microbit-samples.dir/home/maxime.dubois.1/Documents/IOT/IotProject/micro2/source/ssd1306.cpp.obj
                0x0000000000018260                ssd1306::set_read_direction()
 .text._ZN7ssd130617set_display_clockEhh
                0x0000000000018284       0x48 source/CMakeFiles/microbit-samples.dir/home/maxime.dubois.1/Documents/IOT/IotProject/micro2/source/ssd1306.cpp.obj
                0x0000000000018284                ssd1306::set_display_clock(unsigned char, unsigned char)
 .text._ZN7ssd130610initializeEv
                0x00000000000182cc      0x190 source/CMakeFiles/microbit-samples.dir/home/maxime.dubois.1/Documents/IOT/IotProject/micro2/source/ssd1306.cpp.obj
                0x00000000000182cc                ssd1306::initialize()
 .text._ZN7ssd130613update_screenEv
                0x000000000001845c       0x70 source/CMakeFiles/microbit-samples.dir/home/maxime.dubois.1/Documents/IOT/IotProject/micro2/source/ssd1306.cpp.obj
                0x000000000001845c                ssd1306::update_screen()
 .text._ZN7ssd1306C2EP8MicroBitP11MicroBitI2CP11MicroBitPinh
                0x00000000000184cc       0x50 source/CMakeFiles/microbit-samples.dir/home/maxime.dubois.1/Documents/IOT/IotProject/micro2/source/ssd1306.cpp.obj
                0x00000000000184cc                ssd1306::ssd1306(MicroBit*, MicroBitI2C*, MicroBitPin*, unsigned char)
                0x00000000000184cc                ssd1306::ssd1306(MicroBit*, MicroBitI2C*, MicroBitPin*, unsigned char)
 .text._ZN7ssd130612display_lineEhhPKc
                0x000000000001851c       0x68 source/CMakeFiles/microbit-samples.dir/home/maxime.dubois.1/Documents/IOT/IotProject/micro2/source/ssd1306.cpp.obj
                0x000000000001851c                ssd1306::display_line(unsigned char, unsigned char, char const*)
 .text._ZN6bme28012probe_sensorEv
                0x0000000000018584       0x54 source/CMakeFiles/microbit-samples.dir/home/maxime.dubois.1/Documents/IOT/IotProject/micro2/source/bme280.cpp.obj
                0x0000000000018584                bme280::probe_sensor()
 .text._ZN6bme28020get_calibration_dataEv
                0x00000000000185d8      0x11c source/CMakeFiles/microbit-samples.dir/home/maxime.dubois.1/Documents/IOT/IotProject/micro2/source/bme280.cpp.obj
                0x00000000000185d8                bme280::get_calibration_data()
 .text._ZN6bme280C2EP8MicroBitP11MicroBitI2Chhhhhhh
                0x00000000000186f4      0x108 source/CMakeFiles/microbit-samples.dir/home/maxime.dubois.1/Documents/IOT/IotProject/micro2/source/bme280.cpp.obj
                0x00000000000186f4                bme280::bme280(MicroBit*, MicroBitI2C*, unsigned char, unsigned char, unsigned char, unsigned char, unsigned char, unsigned char, unsigned char)
                0x00000000000186f4                bme280::bme280(MicroBit*, MicroBitI2C*, unsigned char, unsigned char, unsigned char, unsigned char, unsigned char, unsigned char, unsigned char)
 .text._ZN6bme28011sensor_readEPmPlPt
                0x00000000000187fc       0x98 source/CMakeFiles/microbit-samples.dir/home/maxime.dubois.1/Documents/IOT/IotProject/micro2/source/bme280.cpp.obj
                0x00000000000187fc                bme280::sensor_read(unsigned long*, long*, unsigned short*)
 .text._ZN6bme28019compensate_pressureEi
                0x0000000000018894       0xa4 source/CMakeFiles/microbit-samples.dir/home/maxime.dubois.1/Documents/IOT/IotProject/micro2/source/bme280.cpp.obj
                0x0000000000018894                bme280::compensate_pressure(int)
 .text._ZN6bme28019compensate_humidityEi
                0x0000000000018938       0x98 source/CMakeFiles/microbit-samples.dir/home/maxime.dubois.1/Documents/IOT/IotProject/micro2/source/bme280.cpp.obj
                0x0000000000018938                bme280::compensate_humidity(int)
 .text._ZN7tsl256xC2EP8MicroBitP11MicroBitI2Chhhh
                0x00000000000189d0       0x98 source/CMakeFiles/microbit-samples.dir/home/maxime.dubois.1/Documents/IOT/IotProject/micro2/source/tsl256x.cpp.obj
                0x00000000000189d0                tsl256x::tsl256x(MicroBit*, MicroBitI2C*, unsigned char, unsigned char, unsigned char, unsigned char)
                0x00000000000189d0                tsl256x::tsl256x(MicroBit*, MicroBitI2C*, unsigned char, unsigned char, unsigned char, unsigned char)
 .text._ZN7tsl256x13calculate_luxEtt
                0x0000000000018a68      0x148 source/CMakeFiles/microbit-samples.dir/home/maxime.dubois.1/Documents/IOT/IotProject/micro2/source/tsl256x.cpp.obj
                0x0000000000018a68                tsl256x::calculate_lux(unsigned short, unsigned short)
 .text._ZN7tsl256x11sensor_readEPtS0_Pm
                0x0000000000018bb0       0x68 source/CMakeFiles/microbit-samples.dir/home/maxime.dubois.1/Documents/IOT/IotProject/micro2/source/tsl256x.cpp.obj
                0x0000000000018bb0                tsl256x::sensor_read(unsigned short*, unsigned short*, unsigned long*)
 .text._ZN14MicroBitSerialD2Ev
                0x0000000000018c18       0x18 source/CMakeFiles/microbit-samples.dir/home/maxime.dubois.1/Documents/IOT/IotProject/micro2/source/main.cpp.obj
                0x0000000000018c18                MicroBitSerial::~MicroBitSerial()
                0x0000000000018c18                MicroBitSerial::~MicroBitSerial()
 .text._Z10check_dsmt13ManagedString
                0x0000000000018c30       0x28 source/CMakeFiles/microbit-samples.dir/home/maxime.dubois.1/Documents/IOT/IotProject/micro2/source/main.cpp.obj
                0x0000000000018c30                check_dsmt(ManagedString)
 .text._Z7send_RF13ManagedString
                0x0000000000018c58       0x34 source/CMakeFiles/microbit-samples.dir/home/maxime.dubois.1/Documents/IOT/IotProject/micro2/source/main.cpp.obj
                0x0000000000018c58                send_RF(ManagedString)
 .text._Z15send_encrypt_RF13ManagedString
                0x0000000000018c8c       0x28 source/CMakeFiles/microbit-samples.dir/home/maxime.dubois.1/Documents/IOT/IotProject/micro2/source/main.cpp.obj
                0x0000000000018c8c                send_encrypt_RF(ManagedString)
 .text._Z9decode_RF13ManagedString
                0x0000000000018cb4       0x34 source/CMakeFiles/microbit-samples.dir/home/maxime.dubois.1/Documents/IOT/IotProject/micro2/source/main.cpp.obj
                0x0000000000018cb4                decode_RF(ManagedString)
 .text._Z6onData13MicroBitEvent
                0x0000000000018ce8       0xb0 source/CMakeFiles/microbit-samples.dir/home/maxime.dubois.1/Documents/IOT/IotProject/micro2/source/main.cpp.obj
                0x0000000000018ce8                onData(MicroBitEvent)
 .text._Z4dataP6bme280P7tsl256x13ManagedString
                0x0000000000018d98      0x3a8 source/CMakeFiles/microbit-samples.dir/home/maxime.dubois.1/Documents/IOT/IotProject/micro2/source/main.cpp.obj
                0x0000000000018d98                data(bme280*, tsl256x*, ManagedString)
 .text.startup._GLOBAL__sub_I_uBit
                0x0000000000019140       0x88 source/CMakeFiles/microbit-samples.dir/home/maxime.dubois.1/Documents/IOT/IotProject/micro2/source/main.cpp.obj
 .text._ZN8MicroBitD2Ev
                0x00000000000191c8       0x58 source/CMakeFiles/microbit-samples.dir/home/maxime.dubois.1/Documents/IOT/IotProject/micro2/source/main.cpp.obj
                0x00000000000191c8                MicroBit::~MicroBit()
                0x00000000000191c8                MicroBit::~MicroBit()
 .text.startup.main
                0x0000000000019220       0xd8 source/CMakeFiles/microbit-samples.dir/home/maxime.dubois.1/Documents/IOT/IotProject/micro2/source/main.cpp.obj
                0x0000000000019220                main
 .text._ZN8MicroBitC2Ev
                0x00000000000192f8      0x16c ym/microbit/source/microbit.a(MicroBit.cpp.obj)
                0x00000000000192f8                MicroBit::MicroBit()
                0x00000000000192f8                MicroBit::MicroBit()
 .text._ZN8MicroBit4initEv
                0x0000000000019464      0x204 ym/microbit/source/microbit.a(MicroBit.cpp.obj)
                0x0000000000019464                MicroBit::init()
 .text.NVIC_SystemReset
                0x0000000000019668       0x18 ym/microbit-dal/source/microbit-dal.a(MicroBitDevice.cpp.obj)
 .text._Z22microbit_friendly_namev
                0x0000000000019680       0x6c ym/microbit-dal/source/microbit-dal.a(MicroBitDevice.cpp.obj)
                0x0000000000019680                microbit_friendly_name()
 .text._Z14microbit_panici
                0x00000000000196ec      0x154 ym/microbit-dal/source/microbit-dal.a(MicroBitDevice.cpp.obj)
                0x00000000000196ec                microbit_panic(int)
 .text._Z20microbit_seed_randomv
                0x0000000000019840       0x60 ym/microbit-dal/source/microbit-dal.a(MicroBitDevice.cpp.obj)
                0x0000000000019840                microbit_seed_random()
 .text._Z14scheduler_tickv
                0x00000000000198a0       0x38 ym/microbit-dal/source/microbit-dal.a(MicroBitFiber.cpp.obj)
                0x00000000000198a0                scheduler_tick()
 .text._Z15scheduler_event13MicroBitEvent
                0x00000000000198d8       0xcc ym/microbit-dal/source/microbit-dal.a(MicroBitFiber.cpp.obj)
                0x00000000000198d8                scheduler_event(MicroBitEvent)
 .text._Z15getFiberContextv
                0x00000000000199a4       0x4c ym/microbit-dal/source/microbit-dal.a(MicroBitFiber.cpp.obj)
                0x00000000000199a4                getFiberContext()
 .text._ZL10handle_fobv
                0x00000000000199f0       0x28 ym/microbit-dal/source/microbit-dal.a(MicroBitFiber.cpp.obj)
 .text._Z14scheduler_initR10EventModel
                0x0000000000019a18       0xac ym/microbit-dal/source/microbit-dal.a(MicroBitFiber.cpp.obj)
                0x0000000000019a18                scheduler_init(EventModel&)
 .text._Z23fiber_scheduler_runningv
                0x0000000000019ac4       0x10 ym/microbit-dal/source/microbit-dal.a(MicroBitFiber.cpp.obj)
                0x0000000000019ac4                fiber_scheduler_running()
 .text._Z19fiber_wake_on_eventtt
                0x0000000000019ad4       0x68 ym/microbit-dal/source/microbit-dal.a(MicroBitFiber.cpp.obj)
                0x0000000000019ad4                fiber_wake_on_event(unsigned short, unsigned short)
 .text._Z14__create_fibermmmi
                0x0000000000019b3c       0x50 ym/microbit-dal/source/microbit-dal.a(MicroBitFiber.cpp.obj)
                0x0000000000019b3c                __create_fiber(unsigned long, unsigned long, unsigned long, int)
 .text._Z12create_fiberPFvPvES_S1_
                0x0000000000019b8c       0x24 ym/microbit-dal/source/microbit-dal.a(MicroBitFiber.cpp.obj)
                0x0000000000019b8c                create_fiber(void (*)(void*), void*, void (*)(void*))
 .text._Z17verify_stack_sizeP5Fiber
                0x0000000000019bb0       0x3c ym/microbit-dal/source/microbit-dal.a(MicroBitFiber.cpp.obj)
                0x0000000000019bb0                verify_stack_size(Fiber*)
 .text._Z24scheduler_runqueue_emptyv
                0x0000000000019bec       0x10 ym/microbit-dal/source/microbit-dal.a(MicroBitFiber.cpp.obj)
                0x0000000000019bec                scheduler_runqueue_empty()
 .text._Z24fiber_add_idle_componentP17MicroBitComponent
                0x0000000000019bfc       0x1c ym/microbit-dal/source/microbit-dal.a(MicroBitFiber.cpp.obj)
                0x0000000000019bfc                fiber_add_idle_component(MicroBitComponent*)
 .text._Z27fiber_remove_idle_componentP17MicroBitComponent
                0x0000000000019c18       0x1c ym/microbit-dal/source/microbit-dal.a(MicroBitFiber.cpp.obj)
                0x0000000000019c18                fiber_remove_idle_component(MicroBitComponent*)
 .text._Z4idlev
                0x0000000000019c34       0x30 ym/microbit-dal/source/microbit-dal.a(MicroBitFiber.cpp.obj)
                0x0000000000019c34                idle()
 .text._Z8schedulev
                0x0000000000019c64       0xd4 ym/microbit-dal/source/microbit-dal.a(MicroBitFiber.cpp.obj)
                0x0000000000019c64                schedule()
 .text._Z11fiber_sleepm
                0x0000000000019d38       0x3c ym/microbit-dal/source/microbit-dal.a(MicroBitFiber.cpp.obj)
                0x0000000000019d38                fiber_sleep(unsigned long)
 .text._Z13release_fiberv
                0x0000000000019d74       0x80 ym/microbit-dal/source/microbit-dal.a(MicroBitFiber.cpp.obj)
                0x0000000000019d74                release_fiber()
 .text._Z13release_fiberPv
                0x0000000000019df4       0x14 ym/microbit-dal/source/microbit-dal.a(MicroBitFiber.cpp.obj)
                0x0000000000019df4                release_fiber(void*)
 .text._Z6invokePFvPvES_
                0x0000000000019e08       0x90 ym/microbit-dal/source/microbit-dal.a(MicroBitFiber.cpp.obj)
                0x0000000000019e08                invoke(void (*)(void*), void*)
 .text._ZN12MicroBitFont13getSystemFontEv
                0x0000000000019e98       0x10 ym/microbit-dal/source/microbit-dal.a(MicroBitFont.cpp.obj)
                0x0000000000019e98                MicroBitFont::getSystemFont()
 .text.startup._GLOBAL__sub_I__ZN12MicroBitFont11defaultFontE
                0x0000000000019ea8       0x18 ym/microbit-dal/source/microbit-dal.a(MicroBitFont.cpp.obj)
 .text._Z20microbit_create_heapmm
                0x0000000000019ec0       0x5c ym/microbit-dal/source/microbit-dal.a(MicroBitHeapAllocator.cpp.obj)
                0x0000000000019ec0                microbit_create_heap(unsigned long, unsigned long)
 .text.microbit_alloc
                0x0000000000019f1c       0x68 ym/microbit-dal/source/microbit-dal.a(MicroBitHeapAllocator.cpp.obj)
                0x0000000000019f1c                microbit_alloc
                0x0000000000019f1c                malloc
 .text.microbit_free
                0x0000000000019f84       0x50 ym/microbit-dal/source/microbit-dal.a(MicroBitHeapAllocator.cpp.obj)
                0x0000000000019f84                microbit_free
                0x0000000000019f84                free
 .text._Z23system_timer_set_periodi
                0x0000000000019fd4       0x44 ym/microbit-dal/source/microbit-dal.a(MicroBitSystemTimer.cpp.obj)
                0x0000000000019fd4                system_timer_set_period(int)
 .text._Z17system_timer_initi
                0x000000000001a018       0x54 ym/microbit-dal/source/microbit-dal.a(MicroBitSystemTimer.cpp.obj)
                0x000000000001a018                system_timer_init(int)
 .text._Z23system_timer_get_periodv
                0x000000000001a06c        0xc ym/microbit-dal/source/microbit-dal.a(MicroBitSystemTimer.cpp.obj)
                0x000000000001a06c                system_timer_get_period()
 .text._Z11update_timev
                0x000000000001a078       0x44 ym/microbit-dal/source/microbit-dal.a(MicroBitSystemTimer.cpp.obj)
                0x000000000001a078                update_time()
 .text._Z17system_timer_tickv
                0x000000000001a0bc       0x24 ym/microbit-dal/source/microbit-dal.a(MicroBitSystemTimer.cpp.obj)
                0x000000000001a0bc                system_timer_tick()
 .text._Z25system_timer_current_timev
                0x000000000001a0e0       0x1c ym/microbit-dal/source/microbit-dal.a(MicroBitSystemTimer.cpp.obj)
                0x000000000001a0e0                system_timer_current_time()
 .text._Z28system_timer_current_time_usv
                0x000000000001a0fc       0x14 ym/microbit-dal/source/microbit-dal.a(MicroBitSystemTimer.cpp.obj)
                0x000000000001a0fc                system_timer_current_time_us()
 .text._Z26system_timer_add_componentP17MicroBitComponent
                0x000000000001a110       0x3c ym/microbit-dal/source/microbit-dal.a(MicroBitSystemTimer.cpp.obj)
                0x000000000001a110                system_timer_add_component(MicroBitComponent*)
 .text._Z29system_timer_remove_componentP17MicroBitComponent
                0x000000000001a14c       0x1c ym/microbit-dal/source/microbit-dal.a(MicroBitSystemTimer.cpp.obj)
                0x000000000001a14c                system_timer_remove_component(MicroBitComponent*)
 .text._ZN13ManagedStringC2EPKc
                0x000000000001a168       0x20 ym/microbit-dal/source/microbit-dal.a(ManagedString.cpp.obj)
                0x000000000001a168                ManagedString::ManagedString(char const*)
                0x000000000001a168                ManagedString::ManagedString(char const*)
 .text._ZN13ManagedStringC2E12PacketBuffer
                0x000000000001a188       0x60 ym/microbit-dal/source/microbit-dal.a(ManagedString.cpp.obj)
                0x000000000001a188                ManagedString::ManagedString(PacketBuffer)
                0x000000000001a188                ManagedString::ManagedString(PacketBuffer)
 .text._ZN13ManagedStringC2EPKcs
                0x000000000001a1e8       0x54 ym/microbit-dal/source/microbit-dal.a(ManagedString.cpp.obj)
                0x000000000001a1e8                ManagedString::ManagedString(char const*, short)
                0x000000000001a1e8                ManagedString::ManagedString(char const*, short)
 .text._ZN13ManagedStringC2Ev
                0x000000000001a23c        0xc ym/microbit-dal/source/microbit-dal.a(ManagedString.cpp.obj)
                0x000000000001a23c                ManagedString::ManagedString()
                0x000000000001a23c                ManagedString::ManagedString()
 .text._ZN13ManagedString9substringEss
                0x000000000001a248       0x38 ym/microbit-dal/source/microbit-dal.a(ManagedString.cpp.obj)
                0x000000000001a248                ManagedString::substring(short, short)
 .text.startup._GLOBAL__sub_I__ZN13ManagedString9initEmptyEv
                0x000000000001a280       0x28 ym/microbit-dal/source/microbit-dal.a(ManagedString.cpp.obj)
 .text._ZN13MicroBitEvent4fireEv
                0x000000000001a2a8       0x28 ym/microbit-dal/source/microbit-dal.a(MicroBitEvent.cpp.obj)
                0x000000000001a2a8                MicroBitEvent::fire()
 .text._ZN13MicroBitImageC2Ev
                0x000000000001a2d0        0xc ym/microbit-dal/source/microbit-dal.a(MicroBitImage.cpp.obj)
                0x000000000001a2d0                MicroBitImage::MicroBitImage()
                0x000000000001a2d0                MicroBitImage::MicroBitImage()
 .text._ZN13MicroBitImageC2EP9ImageData
                0x000000000001a2dc       0x1c ym/microbit-dal/source/microbit-dal.a(MicroBitImage.cpp.obj)
                0x000000000001a2dc                MicroBitImage::MicroBitImage(ImageData*)
                0x000000000001a2dc                MicroBitImage::MicroBitImage(ImageData*)
 .text._ZN13MicroBitImage13setPixelValueEssh
                0x000000000001a2f8       0x2c ym/microbit-dal/source/microbit-dal.a(MicroBitImage.cpp.obj)
                0x000000000001a2f8                MicroBitImage::setPixelValue(short, short, unsigned char)
 .text._ZN13MicroBitImage10printImageEssPKh
                0x000000000001a324       0x60 ym/microbit-dal/source/microbit-dal.a(MicroBitImage.cpp.obj)
                0x000000000001a324                MicroBitImage::printImage(short, short, unsigned char const*)
 .text._ZN13MicroBitImage4initEssPKh
                0x000000000001a384       0x4c ym/microbit-dal/source/microbit-dal.a(MicroBitImage.cpp.obj)
                0x000000000001a384                MicroBitImage::init(short, short, unsigned char const*)
 .text._ZN13MicroBitImageC2EPKc
                0x000000000001a3d0       0xa0 ym/microbit-dal/source/microbit-dal.a(MicroBitImage.cpp.obj)
                0x000000000001a3d0                MicroBitImage::MicroBitImage(char const*)
                0x000000000001a3d0                MicroBitImage::MicroBitImage(char const*)
 .text._ZN13MicroBitImage5printEcss
                0x000000000001a470       0x8c ym/microbit-dal/source/microbit-dal.a(MicroBitImage.cpp.obj)
                0x000000000001a470                MicroBitImage::print(char, short, short)
 .text._ZN13MicroBitImage9shiftLeftEs
                0x000000000001a4fc       0x50 ym/microbit-dal/source/microbit-dal.a(MicroBitImage.cpp.obj)
                0x000000000001a4fc                MicroBitImage::shiftLeft(short)
 .text.startup._GLOBAL__sub_I__ZN13MicroBitImage10EmptyImageE
                0x000000000001a54c       0x28 ym/microbit-dal/source/microbit-dal.a(MicroBitImage.cpp.obj)
 .text.startup._GLOBAL__sub_I__ZN12PacketBuffer11EmptyPacketE
                0x000000000001a574       0x24 ym/microbit-dal/source/microbit-dal.a(PacketBuffer.cpp.obj)
 .text._ZL16isReadOnlyInlineP10RefCounted.isra.0
                0x000000000001a598       0x24 ym/microbit-dal/source/microbit-dal.a(RefCounted.cpp.obj)
 .text._ZN21MicroBitAccelerometer9configureEv
                0x000000000001a5bc        0x8 ym/microbit-dal/source/microbit-dal.a(MicroBitAccelerometer.cpp.obj)
                0x000000000001a5bc                MicroBitAccelerometer::configure()
 .text._ZN21MicroBitAccelerometer13requestUpdateEv
                0x000000000001a5c4       0x10 ym/microbit-dal/source/microbit-dal.a(MicroBitAccelerometer.cpp.obj)
                0x000000000001a5c4                MicroBitAccelerometer::requestUpdate()
 .text._ZN21MicroBitAccelerometerC2ER15CoordinateSpacet
                0x000000000001a5d4       0x50 ym/microbit-dal/source/microbit-dal.a(MicroBitAccelerometer.cpp.obj)
                0x000000000001a5d4                MicroBitAccelerometer::MicroBitAccelerometer(CoordinateSpace&, unsigned short)
                0x000000000001a5d4                MicroBitAccelerometer::MicroBitAccelerometer(CoordinateSpace&, unsigned short)
 .text._ZN21MicroBitAccelerometer10autoDetectER11MicroBitI2C
                0x000000000001a624      0x168 ym/microbit-dal/source/microbit-dal.a(MicroBitAccelerometer.cpp.obj)
                0x000000000001a624                MicroBitAccelerometer::autoDetect(MicroBitI2C&)
 .text._ZN21MicroBitAccelerometer20instantaneousPostureEv
                0x000000000001a78c      0x19c ym/microbit-dal/source/microbit-dal.a(MicroBitAccelerometer.cpp.obj)
                0x000000000001a78c                MicroBitAccelerometer::instantaneousPosture()
 .text._ZN14MicroBitButton10systemTickEv
                0x000000000001a928       0xd8 ym/microbit-dal/source/microbit-dal.a(MicroBitButton.cpp.obj)
                0x000000000001a928                MicroBitButton::systemTick()
 .text._ZN14MicroBitButtonD2Ev
                0x000000000001aa00       0x18 ym/microbit-dal/source/microbit-dal.a(MicroBitButton.cpp.obj)
                0x000000000001aa00                MicroBitButton::~MicroBitButton()
                0x000000000001aa00                MicroBitButton::~MicroBitButton()
 .text._ZN14MicroBitButtonC2E7PinNamet32MicroBitButtonEventConfiguration7PinMode
                0x000000000001aa18       0x58 ym/microbit-dal/source/microbit-dal.a(MicroBitButton.cpp.obj)
                0x000000000001aa18                MicroBitButton::MicroBitButton(PinName, unsigned short, MicroBitButtonEventConfiguration, PinMode)
                0x000000000001aa18                MicroBitButton::MicroBitButton(PinName, unsigned short, MicroBitButtonEventConfiguration, PinMode)
 .text._ZN15MicroBitCompass9configureEv
                0x000000000001aa70        0x8 ym/microbit-dal/source/microbit-dal.a(MicroBitCompass.cpp.obj)
                0x000000000001aa70                MicroBitCompass::configure()
 .text._ZN15MicroBitCompass13requestUpdateEv
                0x000000000001aa78       0x10 ym/microbit-dal/source/microbit-dal.a(MicroBitCompass.cpp.obj)
                0x000000000001aa78                MicroBitCompass::requestUpdate()
 .text._ZN15MicroBitCompassC2ER15CoordinateSpacet
                0x000000000001aa88       0x44 ym/microbit-dal/source/microbit-dal.a(MicroBitCompass.cpp.obj)
                0x000000000001aa88                MicroBitCompass::MicroBitCompass(CoordinateSpace&, unsigned short)
                0x000000000001aa88                MicroBitCompass::MicroBitCompass(CoordinateSpace&, unsigned short)
 .text._ZN15MicroBitCompass10autoDetectER11MicroBitI2C
                0x000000000001aacc      0x160 ym/microbit-dal/source/microbit-dal.a(MicroBitCompass.cpp.obj)
                0x000000000001aacc                MicroBitCompass::autoDetect(MicroBitI2C&)
 .text._ZN10EventModel6listenI25MicroBitCompassCalibratorEEittPT_MS2_Fv13MicroBitEventEt.isra.0
                0x000000000001ac2c       0xa4 ym/microbit-dal/source/microbit-dal.a(MicroBitCompassCalibrator.cpp.obj)
 .text._ZN25MicroBitCompassCalibratorC2ER15MicroBitCompassR21MicroBitAccelerometerR15MicroBitDisplayR15MicroBitStorage
                0x000000000001acd0       0x80 ym/microbit-dal/source/microbit-dal.a(MicroBitCompassCalibrator.cpp.obj)
                0x000000000001acd0                MicroBitCompassCalibrator::MicroBitCompassCalibrator(MicroBitCompass&, MicroBitAccelerometer&, MicroBitDisplay&, MicroBitStorage&)
                0x000000000001acd0                MicroBitCompassCalibrator::MicroBitCompassCalibrator(MicroBitCompass&, MicroBitAccelerometer&, MicroBitDisplay&, MicroBitStorage&)
 .text._ZN25MicroBitCompassCalibrator11calibrateUXE13MicroBitEvent
                0x000000000001ad50      0x298 ym/microbit-dal/source/microbit-dal.a(MicroBitCompassCalibrator.cpp.obj)
                0x000000000001ad50                MicroBitCompassCalibrator::calibrateUX(MicroBitEvent)
 .text._ZN15MicroBitDisplay15renderGreyscaleEv
                0x000000000001afe8       0xfc ym/microbit-dal/source/microbit-dal.a(MicroBitDisplay.cpp.obj)
                0x000000000001afe8                MicroBitDisplay::renderGreyscale()
 .text._ZN15MicroBitDisplayD2Ev
                0x000000000001b0e4       0x50 ym/microbit-dal/source/microbit-dal.a(MicroBitDisplay.cpp.obj)
                0x000000000001b0e4                MicroBitDisplay::~MicroBitDisplay()
                0x000000000001b0e4                MicroBitDisplay::~MicroBitDisplay()
 .text._ZN15MicroBitDisplayC2EtRK9MatrixMap
                0x000000000001b134       0xd8 ym/microbit-dal/source/microbit-dal.a(MicroBitDisplay.cpp.obj)
                0x000000000001b134                MicroBitDisplay::MicroBitDisplay(unsigned short, MatrixMap const&)
                0x000000000001b134                MicroBitDisplay::MicroBitDisplay(unsigned short, MatrixMap const&)
 .text._ZN15MicroBitDisplay6renderEv
                0x000000000001b20c       0xf8 ym/microbit-dal/source/microbit-dal.a(MicroBitDisplay.cpp.obj)
                0x000000000001b20c                MicroBitDisplay::render()
 .text._ZN15MicroBitDisplay26sendAnimationCompleteEventEv
                0x000000000001b304       0x24 ym/microbit-dal/source/microbit-dal.a(MicroBitDisplay.cpp.obj)
                0x000000000001b304                MicroBitDisplay::sendAnimationCompleteEvent()
 .text._ZN15MicroBitDisplay13stopAnimationEv
                0x000000000001b328       0x38 ym/microbit-dal/source/microbit-dal.a(MicroBitDisplay.cpp.obj)
                0x000000000001b328                MicroBitDisplay::stopAnimation()
 .text._ZN15MicroBitDisplay18waitForFreeDisplayEv
                0x000000000001b360       0x24 ym/microbit-dal/source/microbit-dal.a(MicroBitDisplay.cpp.obj)
                0x000000000001b360                MicroBitDisplay::waitForFreeDisplay()
 .text._ZN15MicroBitDisplay9fiberWaitEv
                0x000000000001b384       0x2c ym/microbit-dal/source/microbit-dal.a(MicroBitDisplay.cpp.obj)
                0x000000000001b384                MicroBitDisplay::fiberWait()
 .text._ZN15MicroBitDisplay10printAsyncE13MicroBitImageiiii
                0x000000000001b3b0       0x54 ym/microbit-dal/source/microbit-dal.a(MicroBitDisplay.cpp.obj)
                0x000000000001b3b0                MicroBitDisplay::printAsync(MicroBitImage, int, int, int, int)
 .text._ZN15MicroBitDisplay5printE13MicroBitImageiiii
                0x000000000001b404       0x68 ym/microbit-dal/source/microbit-dal.a(MicroBitDisplay.cpp.obj)
                0x000000000001b404                MicroBitDisplay::print(MicroBitImage, int, int, int, int)
 .text._ZN15MicroBitDisplay11scrollAsyncE13ManagedStringi
                0x000000000001b46c       0x54 ym/microbit-dal/source/microbit-dal.a(MicroBitDisplay.cpp.obj)
                0x000000000001b46c                MicroBitDisplay::scrollAsync(ManagedString, int)
 .text._ZN15MicroBitDisplay6scrollE13ManagedStringi
                0x000000000001b4c0       0x4c ym/microbit-dal/source/microbit-dal.a(MicroBitDisplay.cpp.obj)
                0x000000000001b4c0                MicroBitDisplay::scroll(ManagedString, int)
 .text._ZN15MicroBitDisplay12animateAsyncE13MicroBitImageiiii
                0x000000000001b50c       0x74 ym/microbit-dal/source/microbit-dal.a(MicroBitDisplay.cpp.obj)
                0x000000000001b50c                MicroBitDisplay::animateAsync(MicroBitImage, int, int, int, int)
 .text._ZN15MicroBitDisplay7animateE13MicroBitImageiiii
                0x000000000001b580       0x60 ym/microbit-dal/source/microbit-dal.a(MicroBitDisplay.cpp.obj)
                0x000000000001b580                MicroBitDisplay::animate(MicroBitImage, int, int, int, int)
 .text._ZN15MicroBitDisplay13setBrightnessEi
                0x000000000001b5e0       0x14 ym/microbit-dal/source/microbit-dal.a(MicroBitDisplay.cpp.obj)
                0x000000000001b5e0                MicroBitDisplay::setBrightness(int)
 .text._ZN11MicroBitI2C4readEiPcib
                0x000000000001b5f4       0x20 ym/microbit-dal/source/microbit-dal.a(MicroBitI2C.cpp.obj)
                0x000000000001b5f4                MicroBitI2C::read(int, char*, int, bool)
 .text._ZN11MicroBitI2C5writeEiPKcib
                0x000000000001b614       0x20 ym/microbit-dal/source/microbit-dal.a(MicroBitI2C.cpp.obj)
                0x000000000001b614                MicroBitI2C::write(int, char const*, int, bool)
 .text._ZN11MicroBitI2C12readRegisterEhhPhi
                0x000000000001b634       0x4c ym/microbit-dal/source/microbit-dal.a(MicroBitI2C.cpp.obj)
                0x000000000001b634                MicroBitI2C::readRegister(unsigned char, unsigned char, unsigned char*, int)
 .text._ZN18MicroBitMessageBus6removeEP16MicroBitListener
                0x000000000001b680       0x94 ym/microbit-dal/source/microbit-dal.a(MicroBitMessageBus.cpp.obj)
                0x000000000001b680                MicroBitMessageBus::remove(MicroBitListener*)
 .text._ZN18MicroBitMessageBus3addEP16MicroBitListener
                0x000000000001b714       0xd8 ym/microbit-dal/source/microbit-dal.a(MicroBitMessageBus.cpp.obj)
                0x000000000001b714                MicroBitMessageBus::add(MicroBitListener*)
 .text._ZN18MicroBitMessageBusD2Ev
                0x000000000001b7ec       0x20 ym/microbit-dal/source/microbit-dal.a(MicroBitMessageBus.cpp.obj)
                0x000000000001b7ec                MicroBitMessageBus::~MicroBitMessageBus()
                0x000000000001b7ec                MicroBitMessageBus::~MicroBitMessageBus()
 .text._ZThn8_N18MicroBitMessageBusD1Ev
                0x000000000001b80c       0x10 ym/microbit-dal/source/microbit-dal.a(MicroBitMessageBus.cpp.obj)
                0x000000000001b80c                non-virtual thunk to MicroBitMessageBus::~MicroBitMessageBus()
 .text._ZThn8_N18MicroBitMessageBusD0Ev
                0x000000000001b81c       0x10 ym/microbit-dal/source/microbit-dal.a(MicroBitMessageBus.cpp.obj)
                0x000000000001b81c                non-virtual thunk to MicroBitMessageBus::~MicroBitMessageBus()
 .text._ZN18MicroBitMessageBusC2Ev
                0x000000000001b82c       0x3c ym/microbit-dal/source/microbit-dal.a(MicroBitMessageBus.cpp.obj)
                0x000000000001b82c                MicroBitMessageBus::MicroBitMessageBus()
                0x000000000001b82c                MicroBitMessageBus::MicroBitMessageBus()
 .text._ZN18MicroBitMessageBus7processE13MicroBitEventb
                0x000000000001b868       0x98 ym/microbit-dal/source/microbit-dal.a(MicroBitMessageBus.cpp.obj)
                0x000000000001b868                MicroBitMessageBus::process(MicroBitEvent, bool)
 .text._ZThn8_N18MicroBitMessageBus8idleTickEv
                0x000000000001b900       0x10 ym/microbit-dal/source/microbit-dal.a(MicroBitMessageBus.cpp.obj)
                0x000000000001b900                non-virtual thunk to MicroBitMessageBus::idleTick()
 .text.startup._GLOBAL__sub_I__ZN18MicroBitMessageBusC2Ev
                0x000000000001b910       0x10 ym/microbit-dal/source/microbit-dal.a(MicroBitMessageBus.cpp.obj)
 .text._ZN10EventModel6listenI19MicroBitMultiButtonEEittPT_MS2_Fv13MicroBitEventEt.isra.0
                0x000000000001b920       0xa4 ym/microbit-dal/source/microbit-dal.a(MicroBitMultiButton.cpp.obj)
 .text._ZN19MicroBitMultiButtonC2Ettt
                0x000000000001b9c4       0x70 ym/microbit-dal/source/microbit-dal.a(MicroBitMultiButton.cpp.obj)
                0x000000000001b9c4                MicroBitMultiButton::MicroBitMultiButton(unsigned short, unsigned short, unsigned short)
                0x000000000001b9c4                MicroBitMultiButton::MicroBitMultiButton(unsigned short, unsigned short, unsigned short)
 .text._ZN11MicroBitPinC2Ei7PinName13PinCapability
                0x000000000001ba34       0x1c ym/microbit-dal/source/microbit-dal.a(MicroBitPin.cpp.obj)
                0x000000000001ba34                MicroBitPin::MicroBitPin(int, PinName, PinCapability)
                0x000000000001ba34                MicroBitPin::MicroBitPin(int, PinName, PinCapability)
 .text._ZN11MicroBitPin10disconnectEv
                0x000000000001ba50       0x88 ym/microbit-dal/source/microbit-dal.a(MicroBitPin.cpp.obj)
                0x000000000001ba50                MicroBitPin::disconnect()
 .text._ZN11MicroBitPin15setDigitalValueEi
                0x000000000001bad8       0x70 ym/microbit-dal/source/microbit-dal.a(MicroBitPin.cpp.obj)
                0x000000000001bad8                MicroBitPin::setDigitalValue(int)
 .text._ZN11MicroBitPin15getDigitalValueEv
                0x000000000001bb48       0x70 ym/microbit-dal/source/microbit-dal.a(MicroBitPin.cpp.obj)
                0x000000000001bb48                MicroBitPin::getDigitalValue()
 .text._ZN11MicroBitPin7setPullE7PinMode
                0x000000000001bbb8       0x2c ym/microbit-dal/source/microbit-dal.a(MicroBitPin.cpp.obj)
                0x000000000001bbb8                MicroBitPin::setPull(PinMode)
 .text._ZN13MicroBitRadioC2Et
                0x000000000001bbe4       0x40 ym/microbit-dal/source/microbit-dal.a(MicroBitRadio.cpp.obj)
                0x000000000001bbe4                MicroBitRadio::MicroBitRadio(unsigned short)
                0x000000000001bbe4                MicroBitRadio::MicroBitRadio(unsigned short)
 .text._ZN13MicroBitRadio7setRSSIEi
                0x000000000001bc24       0x14 ym/microbit-dal/source/microbit-dal.a(MicroBitRadio.cpp.obj)
                0x000000000001bc24                MicroBitRadio::setRSSI(int)
 .text._ZN13MicroBitRadio7getRSSIEv
                0x000000000001bc38       0x14 ym/microbit-dal/source/microbit-dal.a(MicroBitRadio.cpp.obj)
                0x000000000001bc38                MicroBitRadio::getRSSI()
 .text._ZN13MicroBitRadio10queueRxBufEv
                0x000000000001bc4c       0x60 ym/microbit-dal/source/microbit-dal.a(MicroBitRadio.cpp.obj)
                0x000000000001bc4c                MicroBitRadio::queueRxBuf()
 .text.RADIO_IRQHandler
                0x000000000001bcac       0x64 ym/microbit-dal/source/microbit-dal.a(MicroBitRadio.cpp.obj)
                0x000000000001bcac                RADIO_IRQHandler
 .text._ZN13MicroBitRadio8setGroupEh
                0x000000000001bd10       0x28 ym/microbit-dal/source/microbit-dal.a(MicroBitRadio.cpp.obj)
                0x000000000001bd10                MicroBitRadio::setGroup(unsigned char)
 .text._ZN13MicroBitRadio6enableEv
                0x000000000001bd38      0x128 ym/microbit-dal/source/microbit-dal.a(MicroBitRadio.cpp.obj)
                0x000000000001bd38                MicroBitRadio::enable()
 .text._ZN13MicroBitRadio4recvEv
                0x000000000001be60       0x28 ym/microbit-dal/source/microbit-dal.a(MicroBitRadio.cpp.obj)
                0x000000000001be60                MicroBitRadio::recv()
 .text._ZN13MicroBitRadio4sendEP11FrameBuffer
                0x000000000001be88       0xa8 ym/microbit-dal/source/microbit-dal.a(MicroBitRadio.cpp.obj)
                0x000000000001be88                MicroBitRadio::send(FrameBuffer*)
 .text._ZN21MicroBitRadioDatagram4recvEv
                0x000000000001bf30       0x40 ym/microbit-dal/source/microbit-dal.a(MicroBitRadioDatagram.cpp.obj)
                0x000000000001bf30                MicroBitRadioDatagram::recv()
 .text._ZN21MicroBitRadioDatagram4sendEPhi
                0x000000000001bf70       0x38 ym/microbit-dal/source/microbit-dal.a(MicroBitRadioDatagram.cpp.obj)
                0x000000000001bf70                MicroBitRadioDatagram::send(unsigned char*, int)
 .text._ZN14MicroBitSerial4baudEi
                0x000000000001bfa8       0x14 ym/microbit-dal/source/microbit-dal.a(MicroBitSerial.cpp.obj)
                0x000000000001bfa8                MicroBitSerial::baud(int)
 .text._ZN14MicroBitSerialC2E7PinNameS0_hh
                0x000000000001bfbc       0x50 ym/microbit-dal/source/microbit-dal.a(MicroBitSerial.cpp.obj)
                0x000000000001bfbc                MicroBitSerial::MicroBitSerial(PinName, PinName, unsigned char, unsigned char)
                0x000000000001bfbc                MicroBitSerial::MicroBitSerial(PinName, PinName, unsigned char, unsigned char)
 .text._ZN15MicroBitStorage4sizeEv
                0x000000000001c00c       0x60 ym/microbit-dal/source/microbit-dal.a(MicroBitStorage.cpp.obj)
                0x000000000001c00c                MicroBitStorage::size()
 .text._ZN15MicroBitStorage3putEPKcPhi
                0x000000000001c06c      0x1ac ym/microbit-dal/source/microbit-dal.a(MicroBitStorage.cpp.obj)
                0x000000000001c06c                MicroBitStorage::put(char const*, unsigned char*, int)
 .text._ZN15MicroBitStorage6removeEPKc
                0x000000000001c218       0xdc ym/microbit-dal/source/microbit-dal.a(MicroBitStorage.cpp.obj)
                0x000000000001c218                MicroBitStorage::remove(char const*)
 .text._ZN19MicroBitThermometerC2ER15MicroBitStoraget
                0x000000000001c2f4       0x48 ym/microbit-dal/source/microbit-dal.a(MicroBitThermometer.cpp.obj)
                0x000000000001c2f4                MicroBitThermometer::MicroBitThermometer(MicroBitStorage&, unsigned short)
                0x000000000001c2f4                MicroBitThermometer::MicroBitThermometer(MicroBitStorage&, unsigned short)
 .text._ZN19MicroBitThermometer12updateSampleEv
                0x000000000001c33c       0x8c ym/microbit-dal/source/microbit-dal.a(MicroBitThermometer.cpp.obj)
                0x000000000001c33c                MicroBitThermometer::updateSample()
 .text._ZL18nvmc_event_handlerm
                0x000000000001c3c8       0x10 ym/microbit-dal/source/microbit-dal.a(MicroBitFlash.cpp.obj)
 .text._ZN13MicroBitFlashC2Ev
                0x000000000001c3d8       0x24 ym/microbit-dal/source/microbit-dal.a(MicroBitFlash.cpp.obj)
                0x000000000001c3d8                MicroBitFlash::MicroBitFlash()
                0x000000000001c3d8                MicroBitFlash::MicroBitFlash()
 .text._ZN13MicroBitFlash10erase_pageEPm
                0x000000000001c3fc       0x68 ym/microbit-dal/source/microbit-dal.a(MicroBitFlash.cpp.obj)
                0x000000000001c3fc                MicroBitFlash::erase_page(unsigned long*)
 .text._ZN13MicroBitFlash10flash_burnEPmS0_i
                0x000000000001c464       0x80 ym/microbit-dal/source/microbit-dal.a(MicroBitFlash.cpp.obj)
                0x000000000001c464                MicroBitFlash::flash_burn(unsigned long*, unsigned long*, int)
 .text._ZThn68_N8FXOS87008idleTickEv
                0x000000000001c4e4       0x10 ym/microbit-dal/source/microbit-dal.a(FXOS8700.cpp.obj)
                0x000000000001c4e4                non-virtual thunk to FXOS8700::idleTick()
 .text._ZN8FXOS87009configureEv
                0x000000000001c4f4       0xe4 ym/microbit-dal/source/microbit-dal.a(FXOS8700.cpp.obj)
                0x000000000001c4f4                FXOS8700::configure()
 .text._ZThn68_N8FXOS87009configureEv
                0x000000000001c5d8       0x10 ym/microbit-dal/source/microbit-dal.a(FXOS8700.cpp.obj)
                0x000000000001c5d8                non-virtual thunk to FXOS8700::configure()
 .text._ZN8FXOS8700D2Ev
                0x000000000001c5e8       0x24 ym/microbit-dal/source/microbit-dal.a(FXOS8700.cpp.obj)
                0x000000000001c5e8                FXOS8700::~FXOS8700()
                0x000000000001c5e8                FXOS8700::~FXOS8700()
 .text._ZThn68_N8FXOS8700D1Ev
                0x000000000001c60c       0x10 ym/microbit-dal/source/microbit-dal.a(FXOS8700.cpp.obj)
                0x000000000001c60c                non-virtual thunk to FXOS8700::~FXOS8700()
 .text._ZThn68_N8FXOS8700D0Ev
                0x000000000001c61c       0x10 ym/microbit-dal/source/microbit-dal.a(FXOS8700.cpp.obj)
                0x000000000001c61c                non-virtual thunk to FXOS8700::~FXOS8700()
 .text._ZN8FXOS870013requestUpdateEv
                0x000000000001c62c       0xfc ym/microbit-dal/source/microbit-dal.a(FXOS8700.cpp.obj)
                0x000000000001c62c                FXOS8700::requestUpdate()
 .text._ZThn68_N8FXOS870013requestUpdateEv
                0x000000000001c728       0x10 ym/microbit-dal/source/microbit-dal.a(FXOS8700.cpp.obj)
                0x000000000001c728                non-virtual thunk to FXOS8700::requestUpdate()
 .text._ZN8FXOS8700C2ER11MicroBitI2C11MicroBitPinR15CoordinateSpacettt
                0x000000000001c738       0x80 ym/microbit-dal/source/microbit-dal.a(FXOS8700.cpp.obj)
                0x000000000001c738                FXOS8700::FXOS8700(MicroBitI2C&, MicroBitPin, CoordinateSpace&, unsigned short, unsigned short, unsigned short)
                0x000000000001c738                FXOS8700::FXOS8700(MicroBitI2C&, MicroBitPin, CoordinateSpace&, unsigned short, unsigned short, unsigned short)
 .text._ZN7MMA86539configureEv
                0x000000000001c7b8       0xb0 ym/microbit-dal/source/microbit-dal.a(MMA8653.cpp.obj)
                0x000000000001c7b8                MMA8653::configure()
 .text._ZN7MMA8653D2Ev
                0x000000000001c868       0x18 ym/microbit-dal/source/microbit-dal.a(MMA8653.cpp.obj)
                0x000000000001c868                MMA8653::~MMA8653()
                0x000000000001c868                MMA8653::~MMA8653()
 .text._ZN7MMA865313requestUpdateEv
                0x000000000001c880       0x78 ym/microbit-dal/source/microbit-dal.a(MMA8653.cpp.obj)
                0x000000000001c880                MMA8653::requestUpdate()
 .text._ZN7MMA8653C2ER11MicroBitI2C11MicroBitPinR15CoordinateSpacett
                0x000000000001c8f8       0x5c ym/microbit-dal/source/microbit-dal.a(MMA8653.cpp.obj)
                0x000000000001c8f8                MMA8653::MMA8653(MicroBitI2C&, MicroBitPin, CoordinateSpace&, unsigned short, unsigned short)
                0x000000000001c8f8                MMA8653::MMA8653(MicroBitI2C&, MicroBitPin, CoordinateSpace&, unsigned short, unsigned short)
 .text._ZN7MAG3110D2Ev
                0x000000000001c954       0x18 ym/microbit-dal/source/microbit-dal.a(MAG3110.cpp.obj)
                0x000000000001c954                MAG3110::~MAG3110()
                0x000000000001c954                MAG3110::~MAG3110()
 .text._ZN7MAG31109configureEv
                0x000000000001c96c       0xa4 ym/microbit-dal/source/microbit-dal.a(MAG3110.cpp.obj)
                0x000000000001c96c                MAG3110::configure()
 .text._ZN7MAG311013requestUpdateEv
                0x000000000001ca10       0x90 ym/microbit-dal/source/microbit-dal.a(MAG3110.cpp.obj)
                0x000000000001ca10                MAG3110::requestUpdate()
 .text._ZN7MAG3110C2ER11MicroBitI2C11MicroBitPinR15CoordinateSpacett
                0x000000000001caa0       0x54 ym/microbit-dal/source/microbit-dal.a(MAG3110.cpp.obj)
                0x000000000001caa0                MAG3110::MAG3110(MicroBitI2C&, MicroBitPin, CoordinateSpace&, unsigned short, unsigned short)
                0x000000000001caa0                MAG3110::MAG3110(MicroBitI2C&, MicroBitPin, CoordinateSpace&, unsigned short, unsigned short)
 .text._ZN19LSM303Accelerometer9configureEv
                0x000000000001caf4       0xa0 ym/microbit-dal/source/microbit-dal.a(LSM303Accelerometer.cpp.obj)
                0x000000000001caf4                LSM303Accelerometer::configure()
 .text._ZN19LSM303AccelerometerD2Ev
                0x000000000001cb94       0x18 ym/microbit-dal/source/microbit-dal.a(LSM303Accelerometer.cpp.obj)
                0x000000000001cb94                LSM303Accelerometer::~LSM303Accelerometer()
                0x000000000001cb94                LSM303Accelerometer::~LSM303Accelerometer()
 .text._ZN19LSM303Accelerometer13requestUpdateEv
                0x000000000001cbac       0x94 ym/microbit-dal/source/microbit-dal.a(LSM303Accelerometer.cpp.obj)
                0x000000000001cbac                LSM303Accelerometer::requestUpdate()
 .text._ZN19LSM303AccelerometerC2ER11MicroBitI2C11MicroBitPinR15CoordinateSpacett
                0x000000000001cc40       0x5c ym/microbit-dal/source/microbit-dal.a(LSM303Accelerometer.cpp.obj)
                0x000000000001cc40                LSM303Accelerometer::LSM303Accelerometer(MicroBitI2C&, MicroBitPin, CoordinateSpace&, unsigned short, unsigned short)
                0x000000000001cc40                LSM303Accelerometer::LSM303Accelerometer(MicroBitI2C&, MicroBitPin, CoordinateSpace&, unsigned short, unsigned short)
 .text._ZN18LSM303Magnetometer9configureEv
                0x000000000001cc9c       0x60 ym/microbit-dal/source/microbit-dal.a(LSM303Magnetometer.cpp.obj)
                0x000000000001cc9c                LSM303Magnetometer::configure()
 .text._ZN18LSM303MagnetometerD2Ev
                0x000000000001ccfc       0x18 ym/microbit-dal/source/microbit-dal.a(LSM303Magnetometer.cpp.obj)
                0x000000000001ccfc                LSM303Magnetometer::~LSM303Magnetometer()
                0x000000000001ccfc                LSM303Magnetometer::~LSM303Magnetometer()
 .text._ZN18LSM303Magnetometer13requestUpdateEv
                0x000000000001cd14       0x70 ym/microbit-dal/source/microbit-dal.a(LSM303Magnetometer.cpp.obj)
                0x000000000001cd14                LSM303Magnetometer::requestUpdate()
 .text._ZN18LSM303MagnetometerC2ER11MicroBitI2C11MicroBitPinR15CoordinateSpacett
                0x000000000001cd84       0x54 ym/microbit-dal/source/microbit-dal.a(LSM303Magnetometer.cpp.obj)
                0x000000000001cd84                LSM303Magnetometer::LSM303Magnetometer(MicroBitI2C&, MicroBitPin, CoordinateSpace&, unsigned short, unsigned short)
                0x000000000001cd84                LSM303Magnetometer::LSM303Magnetometer(MicroBitI2C&, MicroBitPin, CoordinateSpace&, unsigned short, unsigned short)
 .text._ZN18MicroBitBLEManagerD2Ev
                0x000000000001cdd8       0x20 ym/microbit-dal/source/microbit-dal.a(MicroBitBLEManager.cpp.obj)
                0x000000000001cdd8                MicroBitBLEManager::~MicroBitBLEManager()
                0x000000000001cdd8                MicroBitBLEManager::~MicroBitBLEManager()
 .text._ZL25bleSysAttrMissingCallbackPK32GattSysAttrMissingCallbackParams
                0x000000000001cdf8       0xc8 ym/microbit-dal/source/microbit-dal.a(MicroBitBLEManager.cpp.obj)
 .text._ZN18MicroBitBLEManager8idleTickEv
                0x000000000001cec0      0x110 ym/microbit-dal/source/microbit-dal.a(MicroBitBLEManager.cpp.obj)
                0x000000000001cec0                MicroBitBLEManager::idleTick()
 .text._ZN18GattCharacteristicC2ERK4UUIDPhtthPP13GattAttributejb
                0x000000000001cfd0       0x8c ym/microbit-dal/source/microbit-dal.a(MicroBitBLEManager.cpp.obj)
                0x000000000001cfd0                GattCharacteristic::GattCharacteristic(UUID const&, unsigned char*, unsigned short, unsigned short, unsigned char, GattAttribute**, unsigned int, bool)
                0x000000000001cfd0                GattCharacteristic::GattCharacteristic(UUID const&, unsigned char*, unsigned short, unsigned short, unsigned char, GattAttribute**, unsigned int, bool)
 .text._ZN3BLE22setAdvertisingIntervalEt
                0x000000000001d05c       0x3c ym/microbit-dal/source/microbit-dal.a(MicroBitBLEManager.cpp.obj)
                0x000000000001d05c                BLE::setAdvertisingInterval(unsigned short)
 .text._ZN24DeviceInformationServiceC2ER3BLEPKcS3_S3_S3_S3_S3_
                0x000000000001d098      0x1dc ym/microbit-dal/source/microbit-dal.a(MicroBitBLEManager.cpp.obj)
                0x000000000001d098                DeviceInformationService::DeviceInformationService(BLE&, char const*, char const*, char const*, char const*, char const*, char const*)
                0x000000000001d098                DeviceInformationService::DeviceInformationService(BLE&, char const*, char const*, char const*, char const*, char const*, char const*)
 .text._ZN18MicroBitBLEManagerC2ER15MicroBitStorage
                0x000000000001d274       0x3c ym/microbit-dal/source/microbit-dal.a(MicroBitBLEManager.cpp.obj)
                0x000000000001d274                MicroBitBLEManager::MicroBitBLEManager(MicroBitStorage&)
                0x000000000001d274                MicroBitBLEManager::MicroBitBLEManager(MicroBitStorage&)
 .text._ZL24bleDisconnectionCallbackPKN3Gap29DisconnectionCallbackParams_tE
                0x000000000001d2b0       0x3c ym/microbit-dal/source/microbit-dal.a(MicroBitBLEManager.cpp.obj)
 .text._ZN18MicroBitBLEManager16setTransmitPowerEi
                0x000000000001d2ec       0x3c ym/microbit-dal/source/microbit-dal.a(MicroBitBLEManager.cpp.obj)
                0x000000000001d2ec                MicroBitBLEManager::setTransmitPower(int)
 .text._ZN18MicroBitBLEManager4initE13ManagedStringS0_R10EventModelb
                0x000000000001d328      0x2c4 ym/microbit-dal/source/microbit-dal.a(MicroBitBLEManager.cpp.obj)
                0x000000000001d328                MicroBitBLEManager::init(ManagedString, ManagedString, EventModel&, bool)
 .text._ZL22passkeyDisplayCallbacktPKh
                0x000000000001d5ec       0x34 ym/microbit-dal/source/microbit-dal.a(MicroBitBLEManager.cpp.obj)
 .text._ZL30securitySetupCompletedCallbacktN15SecurityManager26SecurityCompletionStatus_tE
                0x000000000001d620       0x40 ym/microbit-dal/source/microbit-dal.a(MicroBitBLEManager.cpp.obj)
 .text._ZN18MicroBitBLEManager27showManagementModeAnimationER15MicroBitDisplay
                0x000000000001d660       0xa8 ym/microbit-dal/source/microbit-dal.a(MicroBitBLEManager.cpp.obj)
                0x000000000001d660                MicroBitBLEManager::showManagementModeAnimation(MicroBitDisplay&)
 .text._ZN18MicroBitBLEManager11pairingModeER15MicroBitDisplayR14MicroBitButton
                0x000000000001d708      0x298 ym/microbit-dal/source/microbit-dal.a(MicroBitBLEManager.cpp.obj)
                0x000000000001d708                MicroBitBLEManager::pairingMode(MicroBitDisplay&, MicroBitButton&)
 .text._ZN18MicroBitDFUServiceC2ER3BLE
                0x000000000001d9a0      0x184 ym/microbit-dal/source/microbit-dal.a(MicroBitDFUService.cpp.obj)
                0x000000000001d9a0                MicroBitDFUService::MicroBitDFUService(BLE&)
                0x000000000001d9a0                MicroBitDFUService::MicroBitDFUService(BLE&)
 .text._ZN20MicroBitEventServiceC2ER3BLER10EventModel
                0x000000000001db24      0x20c ym/microbit-dal/source/microbit-dal.a(MicroBitEventService.cpp.obj)
                0x000000000001db24                MicroBitEventService::MicroBitEventService(BLE&, EventModel&)
                0x000000000001db24                MicroBitEventService::MicroBitEventService(BLE&, EventModel&)
 .text._ZN16MicroBitListenerC2I20MicroBitEventServiceEEttPT_MS2_Fv13MicroBitEventEt
                0x000000000001dd30       0x70 ym/microbit-dal/source/microbit-dal.a(MicroBitEventService.cpp.obj)
                0x000000000001dd30                MicroBitListener::MicroBitListener<MicroBitEventService>(unsigned short, unsigned short, MicroBitEventService*, void (MicroBitEventService::*)(MicroBitEvent), unsigned short)
                0x000000000001dd30                MicroBitListener::MicroBitListener<MicroBitEventService>(unsigned short, unsigned short, MicroBitEventService*, void (MicroBitEventService::*)(MicroBitEvent), unsigned short)
 .text._ZN20MicroBitEventService8idleTickEv
                0x000000000001dda0       0x58 ym/microbit-dal/source/microbit-dal.a(MicroBitEventService.cpp.obj)
                0x000000000001dda0                MicroBitEventService::idleTick()
 .text._ZN20MicroBitEventService13onDataWrittenEPK23GattWriteCallbackParams
                0x000000000001ddf8       0x90 ym/microbit-dal/source/microbit-dal.a(MicroBitEventService.cpp.obj)
                0x000000000001ddf8                MicroBitEventService::onDataWritten(GattWriteCallbackParams const*)
 .text          0x000000000001de88      0x124 ym/microbit-dal/source/microbit-dal.a(CortexContextSwitch.s.obj)
                0x000000000001de88                swap_context
                0x000000000001df0a                save_context
                0x000000000001df4e                save_register_context
                0x000000000001df7e                restore_register_context
 .text._Z14string_reversePc
                0x000000000001dfac       0x2c ym/microbit-dal/source/microbit-dal.a(MicroBitCompat.cpp.obj)
                0x000000000001dfac                string_reverse(char*)
 .text._Z4itoaiPc
                0x000000000001dfd8       0x68 ym/microbit-dal/source/microbit-dal.a(MicroBitCompat.cpp.obj)
                0x000000000001dfd8                itoa(int, char*)
 .text._ZNK13KeyValueTable4findEm
                0x000000000001e040       0x28 ym/microbit-dal/source/microbit-dal.a(MicroBitUtil.cpp.obj)
                0x000000000001e040                KeyValueTable::find(unsigned long) const
 .text._ZN3BLEC2Ej.part.0
                0x000000000001e068       0x20 ym/ble/source/ble.a(BLE.cpp.obj)
 .text._ZN3BLE8InstanceEj
                0x000000000001e088       0x48 ym/ble/source/ble.a(BLE.cpp.obj)
                0x000000000001e088                BLE::Instance(unsigned int)
 .text._ZNK3BLE3gapEv
                0x000000000001e0d0       0x20 ym/ble/source/ble.a(BLE.cpp.obj)
                0x000000000001e0d0                BLE::gap() const
 .text._ZN3BLE3gapEv
                0x000000000001e0f0       0x20 ym/ble/source/ble.a(BLE.cpp.obj)
                0x000000000001e0f0                BLE::gap()
 .text._ZN3BLE10gattServerEv
                0x000000000001e110       0x20 ym/ble/source/ble.a(BLE.cpp.obj)
                0x000000000001e110                BLE::gattServer()
 .text._ZN3BLE15securityManagerEv
                0x000000000001e130       0x20 ym/ble/source/ble.a(BLE.cpp.obj)
                0x000000000001e130                BLE::securityManager()
 .text._ZL16sys_evt_dispatchm
                0x000000000001e150       0x1c ym/ble-nrf51822/source/ble-nrf51822.a(btle.cpp.obj)
 .text._ZL12btle_handlerP9ble_evt_t
                0x000000000001e16c      0x178 ym/ble-nrf51822/source/ble-nrf51822.a(btle.cpp.obj)
 .text.btle_set_gatt_table_size
                0x000000000001e2e4       0x14 ym/ble-nrf51822/source/ble-nrf51822.a(btle.cpp.obj)
                0x000000000001e2e4                btle_set_gatt_table_size
 .text.btle_set_user_evt_handler
                0x000000000001e2f8        0xc ym/ble-nrf51822/source/ble-nrf51822.a(btle.cpp.obj)
                0x000000000001e2f8                btle_set_user_evt_handler
 .text.btle_init
                0x000000000001e304       0xa4 ym/ble-nrf51822/source/ble-nrf51822.a(btle.cpp.obj)
                0x000000000001e304                btle_init
 .text.app_error_handler
                0x000000000001e3a8       0x20 ym/ble-nrf51822/source/ble-nrf51822.a(btle.cpp.obj)
                0x000000000001e3a8                app_error_handler
 .text._ZN15nRF5xGattServer4readEtPhPt
                0x000000000001e3c8       0x18 ym/ble-nrf51822/source/ble-nrf51822.a(nRF5xGattServer.cpp.obj)
                0x000000000001e3c8                nRF5xGattServer::read(unsigned short, unsigned char*, unsigned short*)
 .text._ZN15nRF5xGattServer5writeEtPKhtb
                0x000000000001e3e0       0x1c ym/ble-nrf51822/source/ble-nrf51822.a(nRF5xGattServer.cpp.obj)
                0x000000000001e3e0                nRF5xGattServer::write(unsigned short, unsigned char const*, unsigned short, bool)
 .text._ZN15nRF5xGattServer5writeEttPKhtb
                0x000000000001e3fc       0xf0 ym/ble-nrf51822/source/ble-nrf51822.a(nRF5xGattServer.cpp.obj)
                0x000000000001e3fc                nRF5xGattServer::write(unsigned short, unsigned short, unsigned char const*, unsigned short, bool)
 .text._ZN15nRF5xGattServer10addServiceER11GattService
                0x000000000001e4ec      0x1e0 ym/ble-nrf51822/source/ble-nrf51822.a(nRF5xGattServer.cpp.obj)
                0x000000000001e4ec                nRF5xGattServer::addService(GattService&)
 .text._ZN26FunctionPointerWithContextItEC2EPFvtE
                0x000000000001e6cc       0x20 ym/ble-nrf51822/source/ble-nrf51822.a(nRF5xGattServer.cpp.obj)
                0x000000000001e6cc                FunctionPointerWithContext<unsigned short>::FunctionPointerWithContext(void (*)(unsigned short))
                0x000000000001e6cc                FunctionPointerWithContext<unsigned short>::FunctionPointerWithContext(void (*)(unsigned short))
 .text._ZN15nRF5xGattServer5resetEv
                0x000000000001e6ec       0x50 ym/ble-nrf51822/source/ble-nrf51822.a(nRF5xGattServer.cpp.obj)
                0x000000000001e6ec                nRF5xGattServer::reset()
 .text._ZNK3Gap25getMaxAdvertisingIntervalEv
                0x000000000001e73c        0x8 ym/ble-nrf51822/source/ble-nrf51822.a(nRF5xn.cpp.obj)
                0x000000000001e73c                Gap::getMaxAdvertisingInterval() const
 .text._ZN10GattClient16discoverServicesEt26FunctionPointerWithContextIPK17DiscoveredServiceERK4UUID
                0x000000000001e744       0x60 ym/ble-nrf51822/source/ble-nrf51822.a(nRF5xn.cpp.obj)
                0x000000000001e744                GattClient::discoverServices(unsigned short, FunctionPointerWithContext<DiscoveredService const*>, UUID const&)
 .text._ZNK6nRF5xn18getSecurityManagerEv
                0x000000000001e7a4       0x34 ym/ble-nrf51822/source/ble-nrf51822.a(nRF5xn.cpp.obj)
                0x000000000001e7a4                nRF5xn::getSecurityManager() const
 .text._ZN6nRF5xn13getGattClientEv
                0x000000000001e7d8       0x48 ym/ble-nrf51822/source/ble-nrf51822.a(nRF5xn.cpp.obj)
                0x000000000001e7d8                nRF5xn::getGattClient()
 .text._ZN38CallChainOfFunctionPointersWithContextIPK3GapED2Ev
                0x000000000001e820       0x20 ym/ble-nrf51822/source/ble-nrf51822.a(nRF5xn.cpp.obj)
                0x000000000001e820                CallChainOfFunctionPointersWithContext<Gap const*>::~CallChainOfFunctionPointersWithContext()
                0x000000000001e820                CallChainOfFunctionPointersWithContext<Gap const*>::~CallChainOfFunctionPointersWithContext()
 .text._ZN38CallChainOfFunctionPointersWithContextIN3Gap15TimeoutSource_tEED2Ev
                0x000000000001e840       0x20 ym/ble-nrf51822/source/ble-nrf51822.a(nRF5xn.cpp.obj)
                0x000000000001e840                CallChainOfFunctionPointersWithContext<Gap::TimeoutSource_t>::~CallChainOfFunctionPointersWithContext()
                0x000000000001e840                CallChainOfFunctionPointersWithContext<Gap::TimeoutSource_t>::~CallChainOfFunctionPointersWithContext()
 .text._ZN38CallChainOfFunctionPointersWithContextIPKN3Gap26ConnectionCallbackParams_tEED2Ev
                0x000000000001e860       0x20 ym/ble-nrf51822/source/ble-nrf51822.a(nRF5xn.cpp.obj)
                0x000000000001e860                CallChainOfFunctionPointersWithContext<Gap::ConnectionCallbackParams_t const*>::~CallChainOfFunctionPointersWithContext()
                0x000000000001e860                CallChainOfFunctionPointersWithContext<Gap::ConnectionCallbackParams_t const*>::~CallChainOfFunctionPointersWithContext()
 .text._ZN38CallChainOfFunctionPointersWithContextIPKN3Gap29DisconnectionCallbackParams_tEED2Ev
                0x000000000001e880       0x20 ym/ble-nrf51822/source/ble-nrf51822.a(nRF5xn.cpp.obj)
                0x000000000001e880                CallChainOfFunctionPointersWithContext<Gap::DisconnectionCallbackParams_t const*>::~CallChainOfFunctionPointersWithContext()
                0x000000000001e880                CallChainOfFunctionPointersWithContext<Gap::DisconnectionCallbackParams_t const*>::~CallChainOfFunctionPointersWithContext()
 .text._ZN38CallChainOfFunctionPointersWithContextIPK15SecurityManagerED2Ev
                0x000000000001e8a0       0x20 ym/ble-nrf51822/source/ble-nrf51822.a(nRF5xn.cpp.obj)
                0x000000000001e8a0                CallChainOfFunctionPointersWithContext<SecurityManager const*>::~CallChainOfFunctionPointersWithContext()
                0x000000000001e8a0                CallChainOfFunctionPointersWithContext<SecurityManager const*>::~CallChainOfFunctionPointersWithContext()
 .text._ZN38CallChainOfFunctionPointersWithContextIPK10GattServerED2Ev
                0x000000000001e8c0       0x20 ym/ble-nrf51822/source/ble-nrf51822.a(nRF5xn.cpp.obj)
                0x000000000001e8c0                CallChainOfFunctionPointersWithContext<GattServer const*>::~CallChainOfFunctionPointersWithContext()
                0x000000000001e8c0                CallChainOfFunctionPointersWithContext<GattServer const*>::~CallChainOfFunctionPointersWithContext()
 .text._ZN38CallChainOfFunctionPointersWithContextIjED2Ev
                0x000000000001e8e0       0x20 ym/ble-nrf51822/source/ble-nrf51822.a(nRF5xn.cpp.obj)
                0x000000000001e8e0                CallChainOfFunctionPointersWithContext<unsigned int>::~CallChainOfFunctionPointersWithContext()
                0x000000000001e8e0                CallChainOfFunctionPointersWithContext<unsigned int>::~CallChainOfFunctionPointersWithContext()
 .text._ZN38CallChainOfFunctionPointersWithContextIPK32GattSysAttrMissingCallbackParamsED2Ev
                0x000000000001e900       0x20 ym/ble-nrf51822/source/ble-nrf51822.a(nRF5xn.cpp.obj)
                0x000000000001e900                CallChainOfFunctionPointersWithContext<GattSysAttrMissingCallbackParams const*>::~CallChainOfFunctionPointersWithContext()
                0x000000000001e900                CallChainOfFunctionPointersWithContext<GattSysAttrMissingCallbackParams const*>::~CallChainOfFunctionPointersWithContext()
 .text._ZN38CallChainOfFunctionPointersWithContextIPK10GattClientED2Ev
                0x000000000001e920       0x20 ym/ble-nrf51822/source/ble-nrf51822.a(nRF5xn.cpp.obj)
                0x000000000001e920                CallChainOfFunctionPointersWithContext<GattClient const*>::~CallChainOfFunctionPointersWithContext()
                0x000000000001e920                CallChainOfFunctionPointersWithContext<GattClient const*>::~CallChainOfFunctionPointersWithContext()
 .text._ZN38CallChainOfFunctionPointersWithContextIPK21GattHVXCallbackParamsED2Ev
                0x000000000001e940       0x20 ym/ble-nrf51822/source/ble-nrf51822.a(nRF5xn.cpp.obj)
                0x000000000001e940                CallChainOfFunctionPointersWithContext<GattHVXCallbackParams const*>::~CallChainOfFunctionPointersWithContext()
                0x000000000001e940                CallChainOfFunctionPointersWithContext<GattHVXCallbackParams const*>::~CallChainOfFunctionPointersWithContext()
 .text._ZN6nRF5xn10getVersionEv
                0x000000000001e960       0x74 ym/ble-nrf51822/source/ble-nrf51822.a(nRF5xn.cpp.obj)
                0x000000000001e960                nRF5xn::getVersion()
 .text._ZN6nRF5xn18getSecurityManagerEv
                0x000000000001e9d4       0x34 ym/ble-nrf51822/source/ble-nrf51822.a(nRF5xn.cpp.obj)
                0x000000000001e9d4                nRF5xn::getSecurityManager()
 .text._ZN6nRF5xnD2Ev
                0x000000000001ea08       0x60 ym/ble-nrf51822/source/ble-nrf51822.a(nRF5xn.cpp.obj)
                0x000000000001ea08                nRF5xn::~nRF5xn()
                0x000000000001ea08                nRF5xn::~nRF5xn()
 .text._ZN3Gap5resetEv
                0x000000000001ea68       0xcc ym/ble-nrf51822/source/ble-nrf51822.a(nRF5xn.cpp.obj)
                0x000000000001ea68                Gap::reset()
 .text._ZN6nRF5xnC2Ev
                0x000000000001eb34      0x138 ym/ble-nrf51822/source/ble-nrf51822.a(nRF5xn.cpp.obj)
                0x000000000001eb34                nRF5xn::nRF5xn()
                0x000000000001eb34                nRF5xn::nRF5xn()
 .text._ZN6nRF5xn8InstanceEj
                0x000000000001ec6c       0x24 ym/ble-nrf51822/source/ble-nrf51822.a(nRF5xn.cpp.obj)
                0x000000000001ec6c                nRF5xn::Instance(unsigned int)
 .text._ZN15nRF5xGattServerC2Ev
                0x000000000001ec90       0xa8 ym/ble-nrf51822/source/ble-nrf51822.a(nRF5xn.cpp.obj)
                0x000000000001ec90                nRF5xGattServer::nRF5xGattServer()
                0x000000000001ec90                nRF5xGattServer::nRF5xGattServer()
 .text._ZN38CallChainOfFunctionPointersWithContextIPK23GattWriteCallbackParamsED2Ev
                0x000000000001ed38       0x14 ym/ble-nrf51822/source/ble-nrf51822.a(nRF5xn.cpp.obj)
                0x000000000001ed38                CallChainOfFunctionPointersWithContext<GattWriteCallbackParams const*>::~CallChainOfFunctionPointersWithContext()
                0x000000000001ed38                CallChainOfFunctionPointersWithContext<GattWriteCallbackParams const*>::~CallChainOfFunctionPointersWithContext()
 .text._ZN38CallChainOfFunctionPointersWithContextIPK22GattReadCallbackParamsED2Ev
                0x000000000001ed4c       0x14 ym/ble-nrf51822/source/ble-nrf51822.a(nRF5xn.cpp.obj)
                0x000000000001ed4c                CallChainOfFunctionPointersWithContext<GattReadCallbackParams const*>::~CallChainOfFunctionPointersWithContext()
                0x000000000001ed4c                CallChainOfFunctionPointersWithContext<GattReadCallbackParams const*>::~CallChainOfFunctionPointersWithContext()
 .text._ZN8nRF5xGap25getPermittedTxPowerValuesEPPKaPj
                0x000000000001ed60       0x10 ym/ble-nrf51822/source/ble-nrf51822.a(nRF5xGap.cpp.obj)
                0x000000000001ed60                nRF5xGap::getPermittedTxPowerValues(signed char const**, unsigned int*)
 .text._Z31radioNotificationStaticCallbackb
                0x000000000001ed70       0x40 ym/ble-nrf51822/source/ble-nrf51822.a(nRF5xGap.cpp.obj)
                0x000000000001ed70                radioNotificationStaticCallback(bool)
 .text._ZN8nRF5xGap21initRadioNotificationEv
                0x000000000001edb0       0x20 ym/ble-nrf51822/source/ble-nrf51822.a(nRF5xGap.cpp.obj)
                0x000000000001edb0                nRF5xGap::initRadioNotification()
 .text._ZN8nRF5xGap22generateStackWhitelistER19ble_gap_whitelist_t
                0x000000000001edd0       0xdc ym/ble-nrf51822/source/ble-nrf51822.a(nRF5xGap.cpp.obj)
                0x000000000001edd0                nRF5xGap::generateStackWhitelist(ble_gap_whitelist_t&)
 .text._ZN8nRF5xGap16startAdvertisingERK20GapAdvertisingParams
                0x000000000001eeac       0xa8 ym/ble-nrf51822/source/ble-nrf51822.a(nRF5xGap.cpp.obj)
                0x000000000001eeac                nRF5xGap::startAdvertising(GapAdvertisingParams const&)
 .text._ZN8nRF5xGap7connectEPKhN11BLEProtocol11AddressType4TypeEPKN3Gap18ConnectionParams_tEPK17GapScanningParams
                0x000000000001ef54      0x104 ym/ble-nrf51822/source/ble-nrf51822.a(nRF5xGap.cpp.obj)
                0x000000000001ef54                nRF5xGap::connect(unsigned char const*, BLEProtocol::AddressType::Type, Gap::ConnectionParams_t const*, GapScanningParams const*)
 .text._Z13btle_gap_initv
                0x000000000001f058       0x54 ym/ble-nrf51822/source/ble-nrf51822.a(btle_gap.cpp.obj)
                0x000000000001f058                btle_gap_init()
 .text.custom_convert_to_nordic_uuid
                0x000000000001f0ac       0xa4 ym/ble-nrf51822/source/ble-nrf51822.a(custom_helper.cpp.obj)
                0x000000000001f0ac                custom_convert_to_nordic_uuid
 .text._Z27btle_hasInitializedSecurityv
                0x000000000001f150        0xc ym/ble-nrf51822/source/ble-nrf51822.a(btle_security.cpp.obj)
                0x000000000001f150                btle_hasInitializedSecurity()
 .text._Z23btle_initializeSecuritybbN15SecurityManager24SecurityIOCapabilities_tEPKh
                0x000000000001f15c       0xc8 ym/ble-nrf51822/source/ble-nrf51822.a(btle_security.cpp.obj)
                0x000000000001f15c                btle_initializeSecurity(bool, bool, SecurityManager::SecurityIOCapabilities_t, unsigned char const*)
 .text._Z25btle_purgeAllBondingStatev
                0x000000000001f224       0x20 ym/ble-nrf51822/source/ble-nrf51822.a(btle_security.cpp.obj)
                0x000000000001f224                btle_purgeAllBondingState()
 .text._Z20btle_getLinkSecuritytPN15SecurityManager20LinkSecurityStatus_tE
                0x000000000001f244       0x54 ym/ble-nrf51822/source/ble-nrf51822.a(btle_security.cpp.obj)
                0x000000000001f244                btle_getLinkSecurity(unsigned short, SecurityManager::LinkSecurityStatus_t*)
 .text._Z20btle_setLinkSecuritytN15SecurityManager14SecurityMode_tE
                0x000000000001f298       0x4c ym/ble-nrf51822/source/ble-nrf51822.a(btle_security.cpp.obj)
                0x000000000001f298                btle_setLinkSecurity(unsigned short, SecurityManager::SecurityMode_t)
 .text._Z33btle_createWhitelistFromBondTableP19ble_gap_whitelist_t
                0x000000000001f2e4       0x2c ym/ble-nrf51822/source/ble-nrf51822.a(btle_security.cpp.obj)
                0x000000000001f2e4                btle_createWhitelistFromBondTable(ble_gap_whitelist_t*)
 .text._ZN17GapScanningParamsC2Etttb
                0x000000000001f310       0x60 ym/ble/source/ble.a(GapScanningParams.cpp.obj)
                0x000000000001f310                GapScanningParams::GapScanningParams(unsigned short, unsigned short, unsigned short, bool)
                0x000000000001f310                GapScanningParams::GapScanningParams(unsigned short, unsigned short, unsigned short, bool)
 .text.gatts_context_store
                0x000000000001f370       0xc0 ym/nrf51-sdk/source/nrf51-sdk.a(device_manager_peripheral.c.obj)
 .text.device_context_store
                0x000000000001f430       0xb0 ym/nrf51-sdk/source/nrf51-sdk.a(device_manager_peripheral.c.obj)
 .text.gatts_context_load
                0x000000000001f4e0       0x34 ym/nrf51-sdk/source/nrf51-sdk.a(device_manager_peripheral.c.obj)
 .text.gatts_context_apply
                0x000000000001f514       0xc4 ym/nrf51-sdk/source/nrf51-sdk.a(device_manager_peripheral.c.obj)
 .text.peer_instance_init
                0x000000000001f5d8       0x48 ym/nrf51-sdk/source/nrf51-sdk.a(device_manager_peripheral.c.obj)
 .text.device_instance_free
                0x000000000001f620       0x2c ym/nrf51-sdk/source/nrf51-sdk.a(device_manager_peripheral.c.obj)
 .text.dm_pstorage_cb_handler
                0x000000000001f64c      0x128 ym/nrf51-sdk/source/nrf51-sdk.a(device_manager_peripheral.c.obj)
 .text.dm_init  0x000000000001f774       0xd4 ym/nrf51-sdk/source/nrf51-sdk.a(device_manager_peripheral.c.obj)
                0x000000000001f774                dm_init
 .text.dm_register
                0x000000000001f848       0x70 ym/nrf51-sdk/source/nrf51-sdk.a(device_manager_peripheral.c.obj)
                0x000000000001f848                dm_register
 .text.dm_security_status_req
                0x000000000001f8b8       0x74 ym/nrf51-sdk/source/nrf51-sdk.a(device_manager_peripheral.c.obj)
                0x000000000001f8b8                dm_security_status_req
 .text.dm_whitelist_create
                0x000000000001f92c       0xb8 ym/nrf51-sdk/source/nrf51-sdk.a(device_manager_peripheral.c.obj)
                0x000000000001f92c                dm_whitelist_create
 .text.dm_device_delete_all
                0x000000000001f9e4       0x54 ym/nrf51-sdk/source/nrf51-sdk.a(device_manager_peripheral.c.obj)
                0x000000000001f9e4                dm_device_delete_all
 .text.dm_application_context_set
                0x000000000001fa38        0x8 ym/nrf51-sdk/source/nrf51-sdk.a(device_manager_peripheral.c.obj)
                0x000000000001fa38                dm_application_context_set
 .text.dm_peer_addr_get
                0x000000000001fa40       0x8c ym/nrf51-sdk/source/nrf51-sdk.a(device_manager_peripheral.c.obj)
                0x000000000001fa40                dm_peer_addr_get
 .text.dm_distributed_keys_get
                0x000000000001facc       0xb0 ym/nrf51-sdk/source/nrf51-sdk.a(device_manager_peripheral.c.obj)
                0x000000000001facc                dm_distributed_keys_get
 .text.bond_data_load
                0x000000000001fb7c       0x48 ym/nrf51-sdk/source/nrf51-sdk.a(device_manager_peripheral.c.obj)
                0x000000000001fb7c                bond_data_load
 .text.address_to_device_id
                0x000000000001fbc4       0x2c ym/nrf51-sdk/source/nrf51-sdk.a(device_manager_peripheral.c.obj)
                0x000000000001fbc4                address_to_device_id
 .text.dm_ble_evt_handler
                0x000000000001fbf0      0x38c ym/nrf51-sdk/source/nrf51-sdk.a(device_manager_peripheral.c.obj)
                0x000000000001fbf0                dm_ble_evt_handler
 .text.dm_handle_get
                0x000000000001ff7c       0x48 ym/nrf51-sdk/source/nrf51-sdk.a(device_manager_peripheral.c.obj)
                0x000000000001ff7c                dm_handle_get
 .text.pstorage_flash_page_end
                0x000000000001ffc4       0x20 ym/nrf51-sdk/source/nrf51-sdk.a(pstorage.c.obj)
 .text.swap_sub_state_entry_action_run
                0x000000000001ffe4       0x18 ym/nrf51-sdk/source/nrf51-sdk.a(pstorage.c.obj)
 .text.cmd_queue_element_init
                0x000000000001fffc       0x20 ym/nrf51-sdk/source/nrf51-sdk.a(pstorage.c.obj)
 .text.app_notify
                0x000000000002001c       0x2c ym/nrf51-sdk/source/nrf51-sdk.a(pstorage.c.obj)
 .text.is_page_erase_required
                0x0000000000020048       0x50 ym/nrf51-sdk/source/nrf51-sdk.a(pstorage.c.obj)
 .text.swap_sub_state_err_busy_process
                0x0000000000020098       0x18 ym/nrf51-sdk/source/nrf51-sdk.a(pstorage.c.obj)
 .text.data_to_swap_write_state_run
                0x00000000000200b0       0x30 ym/nrf51-sdk/source/nrf51-sdk.a(pstorage.c.obj)
 .text.swap_erase_state_run
                0x00000000000200e0       0x24 ym/nrf51-sdk/source/nrf51-sdk.a(pstorage.c.obj)
 .text.flash_api_err_code_process
                0x0000000000020104       0x40 ym/nrf51-sdk/source/nrf51-sdk.a(pstorage.c.obj)
 .text.store_cmd_flash_write_execute
                0x0000000000020144       0x54 ym/nrf51-sdk/source/nrf51-sdk.a(pstorage.c.obj)
 .text.state_restore_head_entry_run
                0x0000000000020198       0x34 ym/nrf51-sdk/source/nrf51-sdk.a(pstorage.c.obj)
 .text.state_restore_tail_entry_run
                0x00000000000201cc       0x48 ym/nrf51-sdk/source/nrf51-sdk.a(pstorage.c.obj)
 .text.state_write_data_swap_entry_run
                0x0000000000020214       0x2c ym/nrf51-sdk/source/nrf51-sdk.a(pstorage.c.obj)
 .text.state_data_erase_entry_run
                0x0000000000020240       0x14 ym/nrf51-sdk/source/nrf51-sdk.a(pstorage.c.obj)
 .text.state_entry_action_run
                0x0000000000020254       0xc4 ym/nrf51-sdk/source/nrf51-sdk.a(pstorage.c.obj)
 .text.clear_operation_execute
                0x0000000000020318      0x110 ym/nrf51-sdk/source/nrf51-sdk.a(pstorage.c.obj)
 .text.cmd_process
                0x0000000000020428       0x3c ym/nrf51-sdk/source/nrf51-sdk.a(pstorage.c.obj)
 .text.cmd_queue_enqueue
                0x0000000000020464       0x54 ym/nrf51-sdk/source/nrf51-sdk.a(pstorage.c.obj)
 .text.command_end_procedure_run
                0x00000000000204b8       0x44 ym/nrf51-sdk/source/nrf51-sdk.a(pstorage.c.obj)
 .text.clear_post_processing_run
                0x00000000000204fc       0x2c ym/nrf51-sdk/source/nrf51-sdk.a(pstorage.c.obj)
 .text.head_restore_state_run
                0x0000000000020528       0x9c ym/nrf51-sdk/source/nrf51-sdk.a(pstorage.c.obj)
 .text.tail_restore_state_run
                0x00000000000205c4       0x1c ym/nrf51-sdk/source/nrf51-sdk.a(pstorage.c.obj)
 .text.data_page_erase_state_run
                0x00000000000205e0       0x78 ym/nrf51-sdk/source/nrf51-sdk.a(pstorage.c.obj)
 .text.flash_operation_success_run
                0x0000000000020658       0x98 ym/nrf51-sdk/source/nrf51-sdk.a(pstorage.c.obj)
 .text.pstorage_sys_event_handler
                0x00000000000206f0       0x68 ym/nrf51-sdk/source/nrf51-sdk.a(pstorage.c.obj)
                0x00000000000206f0                pstorage_sys_event_handler
 .text.pstorage_init
                0x0000000000020758       0x70 ym/nrf51-sdk/source/nrf51-sdk.a(pstorage.c.obj)
                0x0000000000020758                pstorage_init
 .text.pstorage_register
                0x00000000000207c8       0xbc ym/nrf51-sdk/source/nrf51-sdk.a(pstorage.c.obj)
                0x00000000000207c8                pstorage_register
 .text.pstorage_block_identifier_get
                0x0000000000020884       0x4c ym/nrf51-sdk/source/nrf51-sdk.a(pstorage.c.obj)
                0x0000000000020884                pstorage_block_identifier_get
 .text.pstorage_store
                0x00000000000208d0       0x78 ym/nrf51-sdk/source/nrf51-sdk.a(pstorage.c.obj)
                0x00000000000208d0                pstorage_store
 .text.pstorage_update
                0x0000000000020948       0x78 ym/nrf51-sdk/source/nrf51-sdk.a(pstorage.c.obj)
                0x0000000000020948                pstorage_update
 .text.pstorage_load
                0x00000000000209c0       0x94 ym/nrf51-sdk/source/nrf51-sdk.a(pstorage.c.obj)
                0x00000000000209c0                pstorage_load
 .text.pstorage_clear
                0x0000000000020a54       0x84 ym/nrf51-sdk/source/nrf51-sdk.a(pstorage.c.obj)
                0x0000000000020a54                pstorage_clear
 .text.SWI1_IRQHandler
                0x0000000000020ad8       0x20 ym/nrf51-sdk/source/nrf51-sdk.a(ble_radio_notification.c.obj)
                0x0000000000020ad8                SWI1_IRQHandler
 .text.ble_radio_notification_init
                0x0000000000020af8       0x38 ym/nrf51-sdk/source/nrf51-sdk.a(ble_radio_notification.c.obj)
                0x0000000000020af8                ble_radio_notification_init
 .text.dfu_app_on_dfu_evt
                0x0000000000020b30      0x16c ym/nrf51-sdk/source/nrf51-sdk.a(dfu_app_handler.c.obj)
                0x0000000000020b30                dfu_app_on_dfu_evt
 .text.intern_softdevice_events_execute
                0x0000000000020c9c       0xa0 ym/nrf51-sdk/source/nrf51-sdk.a(softdevice_handler.c.obj)
                0x0000000000020c9c                intern_softdevice_events_execute
 .text.softdevice_handler_init
                0x0000000000020d3c       0x48 ym/nrf51-sdk/source/nrf51-sdk.a(softdevice_handler.c.obj)
                0x0000000000020d3c                softdevice_handler_init
 .text.softdevice_handler_sd_disable
                0x0000000000020d84       0x18 ym/nrf51-sdk/source/nrf51-sdk.a(softdevice_handler.c.obj)
                0x0000000000020d84                softdevice_handler_sd_disable
 .text.softdevice_ble_evt_handler_set
                0x0000000000020d9c       0x14 ym/nrf51-sdk/source/nrf51-sdk.a(softdevice_handler.c.obj)
                0x0000000000020d9c                softdevice_ble_evt_handler_set
 .text.softdevice_sys_evt_handler_set
                0x0000000000020db0       0x14 ym/nrf51-sdk/source/nrf51-sdk.a(softdevice_handler.c.obj)
                0x0000000000020db0                softdevice_sys_evt_handler_set
 .text.SWI2_IRQHandler
                0x0000000000020dc4       0x24 ym/nrf51-sdk/source/nrf51-sdk.a(softdevice_handler.c.obj)
                0x0000000000020dc4                SWI2_IRQHandler
 .text.ble_dfu_response_send
                0x0000000000020de8       0x64 ym/nrf51-sdk/source/nrf51-sdk.a(ble_dfu.c.obj)
                0x0000000000020de8                ble_dfu_response_send
 .text.bootloader_util_app_start
                0x0000000000020e4c       0x3c ym/nrf51-sdk/source/nrf51-sdk.a(bootloader_util.c.obj)
                0x0000000000020e4c                bootloader_util_app_start
 .text._ZN4mbed3I2CC2E7PinNameS1_
                0x0000000000020e88       0x30 ym/mbed-classic/existing/mbed-classic.a(I2C.cpp.obj)
                0x0000000000020e88                mbed::I2C::I2C(PinName, PinName)
                0x0000000000020e88                mbed::I2C::I2C(PinName, PinName)
 .text._ZN4mbed3I2C6aquireEv
                0x0000000000020eb8       0x1c ym/mbed-classic/existing/mbed-classic.a(I2C.cpp.obj)
                0x0000000000020eb8                mbed::I2C::aquire()
 .text._ZN4mbed11InterruptInD2Ev
                0x0000000000020ed4       0x18 ym/mbed-classic/existing/mbed-classic.a(InterruptIn.cpp.obj)
                0x0000000000020ed4                mbed::InterruptIn::~InterruptIn()
                0x0000000000020ed4                mbed::InterruptIn::~InterruptIn()
 .text._ZN4mbed11InterruptInC2E7PinName
                0x0000000000020eec       0x48 ym/mbed-classic/existing/mbed-classic.a(InterruptIn.cpp.obj)
                0x0000000000020eec                mbed::InterruptIn::InterruptIn(PinName)
                0x0000000000020eec                mbed::InterruptIn::InterruptIn(PinName)
 .text._ZN4mbed9RawSerialC2E7PinNameS1_
                0x0000000000020f34       0x14 ym/mbed-classic/existing/mbed-classic.a(RawSerial.cpp.obj)
                0x0000000000020f34                mbed::RawSerial::RawSerial(PinName, PinName)
                0x0000000000020f34                mbed::RawSerial::RawSerial(PinName, PinName)
 .text._ZN4mbed10SerialBaseC2E7PinNameS1_
                0x0000000000020f48       0x3c ym/mbed-classic/existing/mbed-classic.a(SerialBase.cpp.obj)
                0x0000000000020f48                mbed::SerialBase::SerialBase(PinName, PinName)
                0x0000000000020f48                mbed::SerialBase::SerialBase(PinName, PinName)
 .text._ZN4mbed6TickerD2Ev
                0x0000000000020f84       0x1c ym/mbed-classic/existing/mbed-classic.a(Ticker.cpp.obj)
                0x0000000000020f84                mbed::Ticker::~Ticker()
                0x0000000000020f84                mbed::Ticker::~Ticker()
 .text._ZN4mbed7TimeoutD2Ev
                0x0000000000020fa0       0x1c ym/mbed-classic/existing/mbed-classic.a(Timeout.cpp.obj)
                0x0000000000020fa0                mbed::Timeout::~Timeout()
                0x0000000000020fa0                mbed::Timeout::~Timeout()
 .text._ZN4mbed10TimerEventC2Ev
                0x0000000000020fbc       0x2c ym/mbed-classic/existing/mbed-classic.a(TimerEvent.cpp.obj)
                0x0000000000020fbc                mbed::TimerEvent::TimerEvent()
                0x0000000000020fbc                mbed::TimerEvent::TimerEvent()
 .text._ZN4mbed10TimerEventD2Ev
                0x0000000000020fe8       0x18 ym/mbed-classic/existing/mbed-classic.a(TimerEvent.cpp.obj)
                0x0000000000020fe8                mbed::TimerEvent::~TimerEvent()
                0x0000000000020fe8                mbed::TimerEvent::~TimerEvent()
 .text.get_us_ticker_data
                0x0000000000021000        0x8 ym/mbed-classic/existing/mbed-classic.a(us_ticker_api.c.obj)
                0x0000000000021000                get_us_ticker_data
 .text.us_ticker_irq_handler
                0x0000000000021008       0x10 ym/mbed-classic/existing/mbed-classic.a(us_ticker_api.c.obj)
                0x0000000000021008                us_ticker_irq_handler
 .text          0x0000000000021018       0x48 ym/mbed-classic/existing/mbed-classic.a(startup_NRF51822.S.obj)
                0x0000000000021018                Reset_Handler
                0x0000000000021054                NMI_Handler
                0x0000000000021056                HardFault_Handler
                0x0000000000021058                SVC_Handler
                0x000000000002105a                PendSV_Handler
                0x000000000002105c                SysTick_Handler
                0x000000000002105e                SPI0_TWI0_IRQHandler
                0x000000000002105e                RTC0_IRQHandler
                0x000000000002105e                POWER_CLOCK_IRQHandler
                0x000000000002105e                LPCOMP_IRQHandler
                0x000000000002105e                SWI4_IRQHandler
                0x000000000002105e                TEMP_IRQHandler
                0x000000000002105e                QDEC_IRQHandler
                0x000000000002105e                SWI5_IRQHandler
                0x000000000002105e                TIMER0_IRQHandler
                0x000000000002105e                SWI0_IRQHandler
                0x000000000002105e                ECB_IRQHandler
                0x000000000002105e                Default_Handler
                0x000000000002105e                ADC_IRQHandler
                0x000000000002105e                SWI3_IRQHandler
                0x000000000002105e                CCM_AAR_IRQHandler
                0x000000000002105e                WDT_IRQHandler
                0x000000000002105e                RNG_IRQHandler
                0x000000000002105e                SPI1_TWI1_IRQHandler
                0x000000000002105e                RTC1_IRQHandler
 .text.gpio_init
                0x0000000000021060       0x30 ym/mbed-classic/existing/mbed-classic.a(gpio_api.c.obj)
                0x0000000000021060                gpio_init
 .text.GPIOTE_IRQHandler
                0x0000000000021090       0xf4 ym/mbed-classic/existing/mbed-classic.a(gpio_irq_api.c.obj)
                0x0000000000021090                GPIOTE_IRQHandler
 .text.gpio_irq_init
                0x0000000000021184       0x60 ym/mbed-classic/existing/mbed-classic.a(gpio_irq_api.c.obj)
                0x0000000000021184                gpio_irq_init
 .text.gpio_irq_free
                0x00000000000211e4       0x10 ym/mbed-classic/existing/mbed-classic.a(gpio_irq_api.c.obj)
                0x00000000000211e4                gpio_irq_free
 .text.gpio_irq_set
                0x00000000000211f4       0x9c ym/mbed-classic/existing/mbed-classic.a(gpio_irq_api.c.obj)
                0x00000000000211f4                gpio_irq_set
 .text.i2c_do_write
                0x0000000000021290       0x28 ym/mbed-classic/existing/mbed-classic.a(i2c_api.c.obj)
                0x0000000000021290                i2c_do_write
 .text.i2c_do_read
                0x00000000000212b8       0x3c ym/mbed-classic/existing/mbed-classic.a(i2c_api.c.obj)
                0x00000000000212b8                i2c_do_read
 .text.i2c_frequency
                0x00000000000212f4       0x48 ym/mbed-classic/existing/mbed-classic.a(i2c_api.c.obj)
                0x00000000000212f4                i2c_frequency
 .text.twi_master_init
                0x000000000002133c       0x48 ym/mbed-classic/existing/mbed-classic.a(i2c_api.c.obj)
                0x000000000002133c                twi_master_init
 .text.i2c_init
                0x0000000000021384       0xc4 ym/mbed-classic/existing/mbed-classic.a(i2c_api.c.obj)
                0x0000000000021384                i2c_init
 .text.i2c_reset
                0x0000000000021448       0x30 ym/mbed-classic/existing/mbed-classic.a(i2c_api.c.obj)
                0x0000000000021448                i2c_reset
 .text.i2c_stop
                0x0000000000021478       0x34 ym/mbed-classic/existing/mbed-classic.a(i2c_api.c.obj)
                0x0000000000021478                i2c_stop
 .text.checkError
                0x00000000000214ac       0x28 ym/mbed-classic/existing/mbed-classic.a(i2c_api.c.obj)
                0x00000000000214ac                checkError
 .text.port_init
                0x00000000000214d4       0x28 ym/mbed-classic/existing/mbed-classic.a(port_api.c.obj)
                0x00000000000214d4                port_init
 .text.pwm_disconnect
                0x00000000000214fc       0x60 ym/mbed-classic/existing/mbed-classic.a(pwmout_api.c.obj)
 .text.TIMER2_IRQHandler
                0x000000000002155c       0x68 ym/mbed-classic/existing/mbed-classic.a(pwmout_api.c.obj)
                0x000000000002155c                TIMER2_IRQHandler
 .text.serial_baud.part.0
                0x00000000000215c4       0x38 ym/mbed-classic/existing/mbed-classic.a(serial_api.c.obj)
 .text.serial_init
                0x00000000000215fc       0xb8 ym/mbed-classic/existing/mbed-classic.a(serial_api.c.obj)
                0x00000000000215fc                serial_init
 .text.serial_baud
                0x00000000000216b4       0x20 ym/mbed-classic/existing/mbed-classic.a(serial_api.c.obj)
                0x00000000000216b4                serial_baud
 .text.UART0_IRQHandler
                0x00000000000216d4       0x4c ym/mbed-classic/existing/mbed-classic.a(serial_api.c.obj)
                0x00000000000216d4                UART0_IRQHandler
 .text.serial_irq_handler
                0x0000000000021720       0x18 ym/mbed-classic/existing/mbed-classic.a(serial_api.c.obj)
                0x0000000000021720                serial_irq_handler
 .text.twi_master_clear_bus
                0x0000000000021738       0xb0 ym/mbed-classic/existing/mbed-classic.a(twi_master.c.obj)
 .text.twi_master_init_and_clear